Archive member included to satisfy reference by file (symbol)

c:/st/stm32cubeide_1.1.0/stm32cubeide/plugins/com.st.stm32cube.ide.mcu.externaltools.gnu-tools-for-stm32.7-2018-q2-update.win32_1.0.0.201904181610/tools/bin/../lib/gcc/arm-none-eabi/7.3.1/../../../../arm-none-eabi/lib/thumb/v7e-m/fpv4-sp/hard\libc_nano.a(lib_a-errno.o)
                              Core/Src/syscalls.o (__errno)
c:/st/stm32cubeide_1.1.0/stm32cubeide/plugins/com.st.stm32cube.ide.mcu.externaltools.gnu-tools-for-stm32.7-2018-q2-update.win32_1.0.0.201904181610/tools/bin/../lib/gcc/arm-none-eabi/7.3.1/../../../../arm-none-eabi/lib/thumb/v7e-m/fpv4-sp/hard\libc_nano.a(lib_a-exit.o)
                              c:/st/stm32cubeide_1.1.0/stm32cubeide/plugins/com.st.stm32cube.ide.mcu.externaltools.gnu-tools-for-stm32.7-2018-q2-update.win32_1.0.0.201904181610/tools/bin/../lib/gcc/arm-none-eabi/7.3.1/../../../../arm-none-eabi/lib/thumb/v7e-m/fpv4-sp/hard/crt0.o (exit)
c:/st/stm32cubeide_1.1.0/stm32cubeide/plugins/com.st.stm32cube.ide.mcu.externaltools.gnu-tools-for-stm32.7-2018-q2-update.win32_1.0.0.201904181610/tools/bin/../lib/gcc/arm-none-eabi/7.3.1/../../../../arm-none-eabi/lib/thumb/v7e-m/fpv4-sp/hard\libc_nano.a(lib_a-impure.o)
                              c:/st/stm32cubeide_1.1.0/stm32cubeide/plugins/com.st.stm32cube.ide.mcu.externaltools.gnu-tools-for-stm32.7-2018-q2-update.win32_1.0.0.201904181610/tools/bin/../lib/gcc/arm-none-eabi/7.3.1/../../../../arm-none-eabi/lib/thumb/v7e-m/fpv4-sp/hard\libc_nano.a(lib_a-exit.o) (_global_impure_ptr)
c:/st/stm32cubeide_1.1.0/stm32cubeide/plugins/com.st.stm32cube.ide.mcu.externaltools.gnu-tools-for-stm32.7-2018-q2-update.win32_1.0.0.201904181610/tools/bin/../lib/gcc/arm-none-eabi/7.3.1/../../../../arm-none-eabi/lib/thumb/v7e-m/fpv4-sp/hard\libc_nano.a(lib_a-init.o)
                              c:/st/stm32cubeide_1.1.0/stm32cubeide/plugins/com.st.stm32cube.ide.mcu.externaltools.gnu-tools-for-stm32.7-2018-q2-update.win32_1.0.0.201904181610/tools/bin/../lib/gcc/arm-none-eabi/7.3.1/../../../../arm-none-eabi/lib/thumb/v7e-m/fpv4-sp/hard/crt0.o (__libc_init_array)
c:/st/stm32cubeide_1.1.0/stm32cubeide/plugins/com.st.stm32cube.ide.mcu.externaltools.gnu-tools-for-stm32.7-2018-q2-update.win32_1.0.0.201904181610/tools/bin/../lib/gcc/arm-none-eabi/7.3.1/../../../../arm-none-eabi/lib/thumb/v7e-m/fpv4-sp/hard\libc_nano.a(lib_a-memcpy-stub.o)
                              Drivers/BSP/Components/m24sr/m24sr.o (memcpy)
c:/st/stm32cubeide_1.1.0/stm32cubeide/plugins/com.st.stm32cube.ide.mcu.externaltools.gnu-tools-for-stm32.7-2018-q2-update.win32_1.0.0.201904181610/tools/bin/../lib/gcc/arm-none-eabi/7.3.1/../../../../arm-none-eabi/lib/thumb/v7e-m/fpv4-sp/hard\libc_nano.a(lib_a-memset.o)
                              c:/st/stm32cubeide_1.1.0/stm32cubeide/plugins/com.st.stm32cube.ide.mcu.externaltools.gnu-tools-for-stm32.7-2018-q2-update.win32_1.0.0.201904181610/tools/bin/../lib/gcc/arm-none-eabi/7.3.1/../../../../arm-none-eabi/lib/thumb/v7e-m/fpv4-sp/hard/crt0.o (memset)
c:/st/stm32cubeide_1.1.0/stm32cubeide/plugins/com.st.stm32cube.ide.mcu.externaltools.gnu-tools-for-stm32.7-2018-q2-update.win32_1.0.0.201904181610/tools/bin/../lib/gcc/arm-none-eabi/7.3.1/../../../../arm-none-eabi/lib/thumb/v7e-m/fpv4-sp/hard\libc_nano.a(lib_a-snprintf.o)
                              Core/Src/main.o (snprintf)
c:/st/stm32cubeide_1.1.0/stm32cubeide/plugins/com.st.stm32cube.ide.mcu.externaltools.gnu-tools-for-stm32.7-2018-q2-update.win32_1.0.0.201904181610/tools/bin/../lib/gcc/arm-none-eabi/7.3.1/../../../../arm-none-eabi/lib/thumb/v7e-m/fpv4-sp/hard\libc_nano.a(lib_a-nano-svfprintf.o)
                              c:/st/stm32cubeide_1.1.0/stm32cubeide/plugins/com.st.stm32cube.ide.mcu.externaltools.gnu-tools-for-stm32.7-2018-q2-update.win32_1.0.0.201904181610/tools/bin/../lib/gcc/arm-none-eabi/7.3.1/../../../../arm-none-eabi/lib/thumb/v7e-m/fpv4-sp/hard\libc_nano.a(lib_a-snprintf.o) (_svfprintf_r)
c:/st/stm32cubeide_1.1.0/stm32cubeide/plugins/com.st.stm32cube.ide.mcu.externaltools.gnu-tools-for-stm32.7-2018-q2-update.win32_1.0.0.201904181610/tools/bin/../lib/gcc/arm-none-eabi/7.3.1/../../../../arm-none-eabi/lib/thumb/v7e-m/fpv4-sp/hard\libc_nano.a(lib_a-nano-vfprintf_i.o)
                              c:/st/stm32cubeide_1.1.0/stm32cubeide/plugins/com.st.stm32cube.ide.mcu.externaltools.gnu-tools-for-stm32.7-2018-q2-update.win32_1.0.0.201904181610/tools/bin/../lib/gcc/arm-none-eabi/7.3.1/../../../../arm-none-eabi/lib/thumb/v7e-m/fpv4-sp/hard\libc_nano.a(lib_a-nano-svfprintf.o) (_printf_i)
c:/st/stm32cubeide_1.1.0/stm32cubeide/plugins/com.st.stm32cube.ide.mcu.externaltools.gnu-tools-for-stm32.7-2018-q2-update.win32_1.0.0.201904181610/tools/bin/../lib/gcc/arm-none-eabi/7.3.1/../../../../arm-none-eabi/lib/thumb/v7e-m/fpv4-sp/hard\libc_nano.a(lib_a-memchr.o)
[...]
Memory Configuration

Name             Origin             Length             Attributes
RAM              0x0000000020000000 0x0000000000018000 xrw
RAM2             0x0000000010000000 0x0000000000008000 xrw
FLASH            0x0000000008000000 0x0000000000100000 xr
*default*        0x0000000000000000 0xffffffffffffffff

Linker script and memory map

LOAD c:/st/stm32cubeide_1.1.0/stm32cubeide/plugins/com.st.stm32cube.ide.mcu.externaltools.gnu-tools-for-stm32.7-2018-q2-update.win32_1.0.0.201904181610/tools/bin/../lib/gcc/arm-none-eabi/7.3.1/thumb/v7e-m/fpv4-sp/hard/crti.o
LOAD c:/st/stm32cubeide_1.1.0/stm32cubeide/plugins/com.st.stm32cube.ide.mcu.externaltools.gnu-tools-for-stm32.7-2018-q2-update.win32_1.0.0.201904181610/tools/bin/../lib/gcc/arm-none-eabi/7.3.1/thumb/v7e-m/fpv4-sp/hard/crtbegin.o
LOAD c:/st/stm32cubeide_1.1.0/stm32cubeide/plugins/com.st.stm32cube.ide.mcu.externaltools.gnu-tools-for-stm32.7-2018-q2-update.win32_1.0.0.201904181610/tools/bin/../lib/gcc/arm-none-eabi/7.3.1/../../../../arm-none-eabi/lib/thumb/v7e-m/fpv4-sp/hard/crt0.o
LOAD Core/Src/freertos.o
LOAD Core/Src/main.o
LOAD Core/Src/stm32l4xx_hal_msp.o
LOAD Core/Src/stm32l4xx_hal_timebase_tim.o
LOAD Core/Src/stm32l4xx_it.o
LOAD Core/Src/syscalls.o
LOAD Core/Src/sysmem.o
LOAD Core/Src/system_stm32l4xx.o
LOAD Core/Startup/startup_stm32l475vgtx.o
LOAD Drivers/BSP/B-L475E-IOT01/stm32l475e_iot01.o
LOAD Drivers/BSP/B-L475E-IOT01/stm32l475e_iot01_accelero.o
LOAD Drivers/BSP/B-L475E-IOT01/stm32l475e_iot01_gyro.o
LOAD Drivers/BSP/B-L475E-IOT01/stm32l475e_iot01_hsensor.o
LOAD Drivers/BSP/B-L475E-IOT01/stm32l475e_iot01_magneto.o
LOAD Drivers/BSP/B-L475E-IOT01/stm32l475e_iot01_psensor.o
LOAD Drivers/BSP/B-L475E-IOT01/stm32l475e_iot01_qspi.o
LOAD Drivers/BSP/B-L475E-IOT01/stm32l475e_iot01_tsensor.o
LOAD Drivers/BSP/Components/cs42l51/cs42l51.o
LOAD Drivers/BSP/Components/cs43l22/cs43l22.o
LOAD Drivers/BSP/Components/ft3x67/ft3x67.o
LOAD Drivers/BSP/Components/ft5336/ft5336.o
LOAD Drivers/BSP/Components/ft6x06/ft6x06.o
LOAD Drivers/BSP/Components/hts221/hts221.o
LOAD Drivers/BSP/Components/hx8347g/hx8347g.o
LOAD Drivers/BSP/Components/hx8347i/hx8347i.o
LOAD Drivers/BSP/Components/l3gd20/l3gd20.o
LOAD Drivers/BSP/Components/lis3mdl/lis3mdl.o
LOAD Drivers/BSP/Components/lps22hb/lps22hb.o
LOAD Drivers/BSP/Components/ls016b8uy/ls016b8uy.o
LOAD Drivers/BSP/Components/lsm303c/lsm303c.o
LOAD Drivers/BSP/Components/lsm303dlhc/lsm303dlhc.o
LOAD Drivers/BSP/Components/lsm6dsl/lsm6dsl.o
LOAD Drivers/BSP/Components/m24sr/m24sr.o
LOAD Drivers/BSP/Components/mfxstm32l152/mfxstm32l152.o
LOAD Drivers/BSP/Components/ov9655/ov9655.o
LOAD Drivers/BSP/Components/st7735/st7735.o
LOAD Drivers/BSP/Components/st7789h2/st7789h2.o
LOAD Drivers/BSP/Components/stmpe1600/stmpe1600.o
LOAD Drivers/BSP/Components/stmpe811/stmpe811.o
LOAD Drivers/BSP/Components/wm8994/wm8994.o
LOAD Drivers/STM32L4xx_HAL_Driver/Src/stm32l4xx_hal.o
LOAD Drivers/STM32L4xx_HAL_Driver/Src/stm32l4xx_hal_cortex.o
LOAD Drivers/STM32L4xx_HAL_Driver/Src/stm32l4xx_hal_dfsdm.o
LOAD Drivers/STM32L4xx_HAL_Driver/Src/stm32l4xx_hal_dma.o
LOAD Drivers/STM32L4xx_HAL_Driver/Src/stm32l4xx_hal_dma_ex.o
LOAD Drivers/STM32L4xx_HAL_Driver/Src/stm32l4xx_hal_exti.o
LOAD Drivers/STM32L4xx_HAL_Driver/Src/stm32l4xx_hal_flash.o
LOAD Drivers/STM32L4xx_HAL_Driver/Src/stm32l4xx_hal_flash_ex.o
LOAD Drivers/STM32L4xx_HAL_Driver/Src/stm32l4xx_hal_flash_ramfunc.o
LOAD Drivers/STM32L4xx_HAL_Driver/Src/stm32l4xx_hal_gpio.o
LOAD Drivers/STM32L4xx_HAL_Driver/Src/stm32l4xx_hal_i2c.o
LOAD Drivers/STM32L4xx_HAL_Driver/Src/stm32l4xx_hal_i2c_ex.o
LOAD Drivers/STM32L4xx_HAL_Driver/Src/stm32l4xx_hal_pcd.o
LOAD Drivers/STM32L4xx_HAL_Driver/Src/stm32l4xx_hal_pcd_ex.o
LOAD Drivers/STM32L4xx_HAL_Driver/Src/stm32l4xx_hal_pwr.o
LOAD Drivers/STM32L4xx_HAL_Driver/Src/stm32l4xx_hal_pwr_ex.o
LOAD Drivers/STM32L4xx_HAL_Driver/Src/stm32l4xx_hal_qspi.o
LOAD Drivers/STM32L4xx_HAL_Driver/Src/stm32l4xx_hal_rcc.o
LOAD Drivers/STM32L4xx_HAL_Driver/Src/stm32l4xx_hal_rcc_ex.o
LOAD Drivers/STM32L4xx_HAL_Driver/Src/stm32l4xx_hal_spi.o
LOAD Drivers/STM32L4xx_HAL_Driver/Src/stm32l4xx_hal_spi_ex.o
LOAD Drivers/STM32L4xx_HAL_Driver/Src/stm32l4xx_hal_tim.o
LOAD Drivers/STM32L4xx_HAL_Driver/Src/stm32l4xx_hal_tim_ex.o
LOAD Drivers/STM32L4xx_HAL_Driver/Src/stm32l4xx_hal_uart.o
LOAD Drivers/STM32L4xx_HAL_Driver/Src/stm32l4xx_hal_uart_ex.o
LOAD Drivers/STM32L4xx_HAL_Driver/Src/stm32l4xx_ll_usb.o
LOAD Middlewares/Third_Party/FreeRTOS/Source/CMSIS_RTOS_V2/cmsis_os2.o
LOAD Middlewares/Third_Party/FreeRTOS/Source/croutine.o
LOAD Middlewares/Third_Party/FreeRTOS/Source/event_groups.o
LOAD Middlewares/Third_Party/FreeRTOS/Source/list.o
LOAD Middlewares/Third_Party/FreeRTOS/Source/queue.o
LOAD Middlewares/Third_Party/FreeRTOS/Source/stream_buffer.o
LOAD Middlewares/Third_Party/FreeRTOS/Source/tasks.o
LOAD Middlewares/Third_Party/FreeRTOS/Source/timers.o
LOAD Middlewares/Third_Party/FreeRTOS/Source/portable/GCC/ARM_CM4F/port.o
LOAD Middlewares/Third_Party/FreeRTOS/Source/portable/MemMang/heap_4.o
START GROUP
LOAD c:/st/stm32cubeide_1.1.0/stm32cubeide/plugins/com.st.stm32cube.ide.mcu.externaltools.gnu-tools-for-stm32.7-2018-q2-update.win32_1.0.0.201904181610/tools/bin/../lib/gcc/arm-none-eabi/7.3.1/../../../../arm-none-eabi/lib/thumb/v7e-m/fpv4-sp/hard\libc_nano.a
LOAD c:/st/stm32cubeide_1.1.0/stm32cubeide/plugins/com.st.stm32cube.ide.mcu.externaltools.gnu-tools-for-stm32.7-2018-q2-update.win32_1.0.0.201904181610/tools/bin/../lib/gcc/arm-none-eabi/7.3.1/../../../../arm-none-eabi/lib/thumb/v7e-m/fpv4-sp/hard\libm.a
END GROUP
START GROUP
LOAD c:/st/stm32cubeide_1.1.0/stm32cubeide/plugins/com.st.stm32cube.ide.mcu.externaltools.gnu-tools-for-stm32.7-2018-q2-update.win32_1.0.0.201904181610/tools/bin/../lib/gcc/arm-none-eabi/7.3.1/thumb/v7e-m/fpv4-sp/hard\libgcc.a
LOAD c:/st/stm32cubeide_1.1.0/stm32cubeide/plugins/com.st.stm32cube.ide.mcu.externaltools.gnu-tools-for-stm32.7-2018-q2-update.win32_1.0.0.201904181610/tools/bin/../lib/gcc/arm-none-eabi/7.3.1/../../../../arm-none-eabi/lib/thumb/v7e-m/fpv4-sp/hard\libc_nano.a
END GROUP
START GROUP
LOAD c:/st/stm32cubeide_1.1.0/stm32cubeide/plugins/com.st.stm32cube.ide.mcu.externaltools.gnu-tools-for-stm32.7-2018-q2-update.win32_1.0.0.201904181610/tools/bin/../lib/gcc/arm-none-eabi/7.3.1/thumb/v7e-m/fpv4-sp/hard\libgcc.a
LOAD c:/st/stm32cubeide_1.1.0/stm32cubeide/plugins/com.st.stm32cube.ide.mcu.externaltools.gnu-tools-for-stm32.7-2018-q2-update.win32_1.0.0.201904181610/tools/bin/../lib/gcc/arm-none-eabi/7.3.1/../../../../arm-none-eabi/lib/thumb/v7e-m/fpv4-sp/hard\libc_nano.a
LOAD c:/st/stm32cubeide_1.1.0/stm32cubeide/plugins/com.st.stm32cube.ide.mcu.externaltools.gnu-tools-for-stm32.7-2018-q2-update.win32_1.0.0.201904181610/tools/bin/../lib/gcc/arm-none-eabi/7.3.1/../../../../arm-none-eabi/lib/thumb/v7e-m/fpv4-sp/hard\libnosys.a
END GROUP
START GROUP
LOAD c:/st/stm32cubeide_1.1.0/stm32cubeide/plugins/com.st.stm32cube.ide.mcu.externaltools.gnu-tools-for-stm32.7-2018-q2-update.win32_1.0.0.201904181610/tools/bin/../lib/gcc/arm-none-eabi/7.3.1/thumb/v7e-m/fpv4-sp/hard\libgcc.a
LOAD c:/st/stm32cubeide_1.1.0/stm32cubeide/plugins/com.st.stm32cube.ide.mcu.externaltools.gnu-tools-for-stm32.7-2018-q2-update.win32_1.0.0.201904181610/tools/bin/../lib/gcc/arm-none-eabi/7.3.1/../../../../arm-none-eabi/lib/thumb/v7e-m/fpv4-sp/hard\libc_nano.a
LOAD c:/st/stm32cubeide_1.1.0/stm32cubeide/plugins/com.st.stm32cube.ide.mcu.externaltools.gnu-tools-for-stm32.7-2018-q2-update.win32_1.0.0.201904181610/tools/bin/../lib/gcc/arm-none-eabi/7.3.1/../../../../arm-none-eabi/lib/thumb/v7e-m/fpv4-sp/hard\libnosys.a
END GROUP
LOAD c:/st/stm32cubeide_1.1.0/stm32cubeide/plugins/com.st.stm32cube.ide.mcu.externaltools.gnu-tools-for-stm32.7-2018-q2-update.win32_1.0.0.201904181610/tools/bin/../lib/gcc/arm-none-eabi/7.3.1/thumb/v7e-m/fpv4-sp/hard/crtend.o
LOAD c:/st/stm32cubeide_1.1.0/stm32cubeide/plugins/com.st.stm32cube.ide.mcu.externaltools.gnu-tools-for-stm32.7-2018-q2-update.win32_1.0.0.201904181610/tools/bin/../lib/gcc/arm-none-eabi/7.3.1/thumb/v7e-m/fpv4-sp/hard/crtn.o
                0x0000000020018000                _estack = (ORIGIN (RAM) + LENGTH (RAM))
                0x0000000000000200                _Min_Heap_Size = 0x200
                0x0000000000000400                _Min_Stack_Size = 0x400

.isr_vector     0x0000000008000000      0x188
                0x0000000008000000                . = ALIGN (0x4)
 *(.isr_vector)
 .isr_vector    0x0000000008000000      0x188 Core/Startup/startup_stm32l475vgtx.o
                0x0000000008000000                g_pfnVectors
                0x0000000008000188                . = ALIGN (0x4)

.text           0x0000000008000190     0xbf84
                0x0000000008000190                . = ALIGN (0x4)
 *(.text)
 .text          0x0000000008000190       0x40 c:/st/stm32cubeide_1.1.0/stm32cubeide/plugins/com.st.stm32cube.ide.mcu.externaltools.gnu-tools-for-stm32.7-2018-q2-update.win32_1.0.0.201904181610/tools/bin/../lib/gcc/arm-none-eabi/7.3.1/thumb/v7e-m/fpv4-sp/hard/crtbegin.o
 .text          0x00000000080001d0       0xa0 c:/st/stm32cubeide_1.1.0/stm32cubeide/plugins/com.st.stm32cube.ide.mcu.externaltools.gnu-tools-for-stm32.7-2018-q2-update.win32_1.0.0.201904181610/tools/bin/../lib/gcc/arm-none-eabi/7.3.1/../../../../arm-none-eabi/lib/thumb/v7e-m/fpv4-sp/hard\libc_nano.a(lib_a-memchr.o)
                0x00000000080001d0                memchr
 .text          0x0000000008000270      0x378 c:/st/stm32cubeide_1.1.0/stm32cubeide/plugins/com.st.stm32cube.ide.mcu.externaltools.gnu-tools-for-stm32.7-2018-q2-update.win32_1.0.0.201904181610/tools/bin/../lib/gcc/arm-none-eabi/7.3.1/thumb/v7e-m/fpv4-sp/hard\libgcc.a(_arm_addsubdf3.o)
                0x0000000008000270                __aeabi_drsub
                0x0000000008000278                __aeabi_dsub
                0x0000000008000278                __subdf3
                0x000000000800027c                __aeabi_dadd
                0x000000000800027c                __adddf3
                0x00000000080004f4                __floatunsidf
                0x00000000080004f4                __aeabi_ui2d
                0x0000000008000514                __floatsidf
                0x0000000008000514                __aeabi_i2d
                0x0000000008000538                __aeabi_f2d
                0x0000000008000538                __extendsfdf2
                0x000000000800057c                __floatundidf
                0x000000000800057c                __aeabi_ul2d
                0x000000000800058c                __floatdidf
                0x000000000800058c                __aeabi_l2d
 .text          0x00000000080005e8      0x424 c:/st/stm32cubeide_1.1.0/stm32cubeide/plugins/com.st.stm32cube.ide.mcu.externaltools.gnu-tools-for-stm32.7-2018-q2-update.win32_1.0.0.201904181610/tools/bin/../lib/gcc/arm-none-eabi/7.3.1/thumb/v7e-m/fpv4-sp/hard\libgcc.a(_arm_muldivdf3.o)
                0x00000000080005e8                __aeabi_dmul
                0x00000000080005e8                __muldf3
                0x000000000800083c                __divdf3
                0x000000000800083c                __aeabi_ddiv
 .text          0x0000000008000a0c      0x110 c:/st/stm32cubeide_1.1.0/stm32cubeide/plugins/com.st.stm32cube.ide.mcu.externaltools.gnu-tools-for-stm32.7-2018-q2-update.win32_1.0.0.201904181610/tools/bin/../lib/gcc/arm-none-eabi/7.3.1/thumb/v7e-m/fpv4-sp/hard\libgcc.a(_arm_cmpdf2.o)
                0x0000000008000a0c                __gtdf2
                0x0000000008000a0c                __gedf2
                0x0000000008000a14                __ltdf2
                0x0000000008000a14                __ledf2
                0x0000000008000a1c                __nedf2
                0x0000000008000a1c                __eqdf2
                0x0000000008000a1c                __cmpdf2
                0x0000000008000a98                __aeabi_cdrcmple
                0x0000000008000aa8                __aeabi_cdcmpeq
                0x0000000008000aa8                __aeabi_cdcmple
                0x0000000008000ab8                __aeabi_dcmpeq
                0x0000000008000acc                __aeabi_dcmplt
                0x0000000008000ae0                __aeabi_dcmple
                0x0000000008000af4                __aeabi_dcmpge
                0x0000000008000b08                __aeabi_dcmpgt
 .text          0x0000000008000b1c       0x2c c:/st/stm32cubeide_1.1.0/stm32cubeide/plugins/com.st.stm32cube.ide.mcu.externaltools.gnu-tools-for-stm32.7-2018-q2-update.win32_1.0.0.201904181610/tools/bin/../lib/gcc/arm-none-eabi/7.3.1/thumb/v7e-m/fpv4-sp/hard\libgcc.a(_arm_unorddf2.o)
                0x0000000008000b1c                __unorddf2
                0x0000000008000b1c                __aeabi_dcmpun
 .text          0x0000000008000b48       0x50 c:/st/stm32cubeide_1.1.0/stm32cubeide/plugins/com.st.stm32cube.ide.mcu.externaltools.gnu-tools-for-stm32.7-2018-q2-update.win32_1.0.0.201904181610/tools/bin/../lib/gcc/arm-none-eabi/7.3.1/thumb/v7e-m/fpv4-sp/hard\libgcc.a(_arm_fixdfsi.o)
                0x0000000008000b48                __aeabi_d2iz
                0x0000000008000b48                __fixdfsi
 .text          0x0000000008000b98       0xa0 c:/st/stm32cubeide_1.1.0/stm32cubeide/plugins/com.st.stm32cube.ide.mcu.externaltools.gnu-tools-for-stm32.7-2018-q2-update.win32_1.0.0.201904181610/tools/bin/../lib/gcc/arm-none-eabi/7.3.1/thumb/v7e-m/fpv4-sp/hard\libgcc.a(_arm_truncdfsf2.o)
                0x0000000008000b98                __truncdfsf2
                0x0000000008000b98                __aeabi_d2f
 .text          0x0000000008000c38       0x30 c:/st/stm32cubeide_1.1.0/stm32cubeide/plugins/com.st.stm32cube.ide.mcu.externaltools.gnu-tools-for-stm32.7-2018-q2-update.win32_1.0.0.201904181610/tools/bin/../lib/gcc/arm-none-eabi/7.3.1/thumb/v7e-m/fpv4-sp/hard\libgcc.a(_aeabi_uldivmod.o)
                0x0000000008000c38                __aeabi_uldivmod
 .text          0x0000000008000c68      0x2cc c:/st/stm32cubeide_1.1.0/stm32cubeide/plugins/com.st.stm32cube.ide.mcu.externaltools.gnu-tools-for-stm32.7-2018-q2-update.win32_1.0.0.201904181610/tools/bin/../lib/gcc/arm-none-eabi/7.3.1/thumb/v7e-m/fpv4-sp/hard\libgcc.a(_udivmoddi4.o)
                0x0000000008000c68                __udivmoddi4
 .text          0x0000000008000f34        0x4 c:/st/stm32cubeide_1.1.0/stm32cubeide/plugins/com.st.stm32cube.ide.mcu.externaltools.gnu-tools-for-stm32.7-2018-q2-update.win32_1.0.0.201904181610/tools/bin/../lib/gcc/arm-none-eabi/7.3.1/thumb/v7e-m/fpv4-sp/hard\libgcc.a(_dvmd_tls.o)
                0x0000000008000f34                __aeabi_idiv0
                0x0000000008000f34                __aeabi_ldiv0
 *(.text*)
 .text.main     0x0000000008000f38      0x144 Core/Src/main.o
                0x0000000008000f38                main
 .text.SystemClock_Config
                0x000000000800107c      0x148 Core/Src/main.o
                0x000000000800107c                SystemClock_Config
 .text.MX_DFSDM1_Init
                0x00000000080011c4       0x70 Core/Src/main.o
 .text.MX_I2C2_Init
                0x0000000008001234       0x80 Core/Src/main.o
 .text.MX_QUADSPI_Init
                0x00000000080012b4       0x4c Core/Src/main.o
 .text.MX_SPI3_Init
                0x0000000008001300       0x7c Core/Src/main.o
 .text.MX_USART1_UART_Init
                0x000000000800137c       0x60 Core/Src/main.o
 .text.MX_USART3_UART_Init
                0x00000000080013dc       0x60 Core/Src/main.o
 .text.MX_USB_OTG_FS_PCD_Init
                0x000000000800143c       0x5c Core/Src/main.o
 .text.MX_GPIO_Init
                0x0000000008001498      0x360 Core/Src/main.o
 .text.calculate_HI
                0x00000000080017f8      0x268 Core/Src/main.o
                0x00000000080017f8                calculate_HI
 .text.temp_task
                0x0000000008001a60      0x104 Core/Src/main.o
                0x0000000008001a60                temp_task
 .text.humid_task
                0x0000000008001b64      0x100 Core/Src/main.o
                0x0000000008001b64                humid_task
 .text.apparent_temp_task
                0x0000000008001c64      0x10c Core/Src/main.o
                0x0000000008001c64                apparent_temp_task
 .text.HAL_TIM_PeriodElapsedCallback
                0x0000000008001d70       0x24 Core/Src/main.o
                0x0000000008001d70                HAL_TIM_PeriodElapsedCallback
 .text.Error_Handler
                0x0000000008001d94        0xe Core/Src/main.o
                0x0000000008001d94                Error_Handler
 *fill*         0x0000000008001da2        0x2 
 .text.HAL_MspInit
                0x0000000008001da4       0x50 Core/Src/stm32l4xx_hal_msp.o
                0x0000000008001da4                HAL_MspInit
 .text.HAL_DFSDM_ChannelMspInit
                0x0000000008001df4       0x88 Core/Src/stm32l4xx_hal_msp.o
                0x0000000008001df4                HAL_DFSDM_ChannelMspInit
 .text.HAL_I2C_MspInit
                0x0000000008001e7c       0x88 Core/Src/stm32l4xx_hal_msp.o
                0x0000000008001e7c                HAL_I2C_MspInit
 .text.HAL_I2C_MspDeInit
                0x0000000008001f04       0x3c Core/Src/stm32l4xx_hal_msp.o
                0x0000000008001f04                HAL_I2C_MspDeInit
 .text.HAL_QSPI_MspInit
                0x0000000008001f40       0x88 Core/Src/stm32l4xx_hal_msp.o
                0x0000000008001f40                HAL_QSPI_MspInit
 .text.HAL_SPI_MspInit
                0x0000000008001fc8       0x88 Core/Src/stm32l4xx_hal_msp.o
                0x0000000008001fc8                HAL_SPI_MspInit
 .text.HAL_UART_MspInit
                0x0000000008002050       0xec Core/Src/stm32l4xx_hal_msp.o
                0x0000000008002050                HAL_UART_MspInit
 .text.HAL_PCD_MspInit
                0x000000000800213c       0xd8 Core/Src/stm32l4xx_hal_msp.o
                0x000000000800213c                HAL_PCD_MspInit
 .text.HAL_InitTick
                0x0000000008002214       0xac Core/Src/stm32l4xx_hal_timebase_tim.o
                0x0000000008002214                HAL_InitTick
 .text.NMI_Handler
                0x00000000080022c0        0xe Core/Src/stm32l4xx_it.o
                0x00000000080022c0                NMI_Handler
 .text.HardFault_Handler
                0x00000000080022ce        0x6 Core/Src/stm32l4xx_it.o
                0x00000000080022ce                HardFault_Handler
 .text.MemManage_Handler
                0x00000000080022d4        0x6 Core/Src/stm32l4xx_it.o
                0x00000000080022d4                MemManage_Handler
 .text.BusFault_Handler
                0x00000000080022da        0x6 Core/Src/stm32l4xx_it.o
                0x00000000080022da                BusFault_Handler
 .text.UsageFault_Handler
                0x00000000080022e0        0x6 Core/Src/stm32l4xx_it.o
                0x00000000080022e0                UsageFault_Handler
 .text.DebugMon_Handler
                0x00000000080022e6        0xe Core/Src/stm32l4xx_it.o
                0x00000000080022e6                DebugMon_Handler
 .text.EXTI9_5_IRQHandler
                0x00000000080022f4       0x22 Core/Src/stm32l4xx_it.o
                0x00000000080022f4                EXTI9_5_IRQHandler
 *fill*         0x0000000008002316        0x2 
 .text.TIM1_UP_TIM16_IRQHandler
                0x0000000008002318       0x14 Core/Src/stm32l4xx_it.o
                0x0000000008002318                TIM1_UP_TIM16_IRQHandler
 .text.EXTI15_10_IRQHandler
                0x000000000800232c       0x30 Core/Src/stm32l4xx_it.o
                0x000000000800232c                EXTI15_10_IRQHandler
 .text._sbrk    0x000000000800235c       0x58 Core/Src/sysmem.o
                0x000000000800235c                _sbrk
 .text.SystemInit
                0x00000000080023b4       0x6c Core/Src/system_stm32l4xx.o
                0x00000000080023b4                SystemInit
 .text.Reset_Handler
                0x0000000008002420       0x50 Core/Startup/startup_stm32l475vgtx.o
                0x0000000008002420                Reset_Handler
 .text.Default_Handler
                0x0000000008002470        0x2 Core/Startup/startup_stm32l475vgtx.o
                0x0000000008002470                RTC_Alarm_IRQHandler
                0x0000000008002470                EXTI2_IRQHandler
                0x0000000008002470                TIM8_TRG_COM_IRQHandler
                0x0000000008002470                TIM8_CC_IRQHandler
                0x0000000008002470                TIM1_CC_IRQHandler
                0x0000000008002470                TSC_IRQHandler
                0x0000000008002470                TAMP_STAMP_IRQHandler
                0x0000000008002470                EXTI3_IRQHandler
                0x0000000008002470                LPTIM2_IRQHandler
                0x0000000008002470                DFSDM1_FLT1_IRQHandler
                0x0000000008002470                I2C3_ER_IRQHandler
                0x0000000008002470                DFSDM1_FLT2_IRQHandler
                0x0000000008002470                EXTI0_IRQHandler
                0x0000000008002470                I2C2_EV_IRQHandler
                0x0000000008002470                CAN1_RX0_IRQHandler
                0x0000000008002470                FPU_IRQHandler
                0x0000000008002470                ADC1_2_IRQHandler
                0x0000000008002470                SPI1_IRQHandler
                0x0000000008002470                TIM6_DAC_IRQHandler
                0x0000000008002470                TIM8_UP_IRQHandler
                0x0000000008002470                DMA2_Channel2_IRQHandler
                0x0000000008002470                DMA1_Channel4_IRQHandler
                0x0000000008002470                SAI2_IRQHandler
                0x0000000008002470                DFSDM1_FLT3_IRQHandler
                0x0000000008002470                USART3_IRQHandler
                0x0000000008002470                DMA1_Channel7_IRQHandler
                0x0000000008002470                CAN1_RX1_IRQHandler
                0x0000000008002470                UART5_IRQHandler
                0x0000000008002470                ADC3_IRQHandler
                0x0000000008002470                TIM4_IRQHandler
                0x0000000008002470                DMA2_Channel1_IRQHandler
                0x0000000008002470                QUADSPI_IRQHandler
                0x0000000008002470                I2C1_EV_IRQHandler
                0x0000000008002470                DMA1_Channel6_IRQHandler
                0x0000000008002470                UART4_IRQHandler
                0x0000000008002470                DMA2_Channel4_IRQHandler
                0x0000000008002470                TIM3_IRQHandler
                0x0000000008002470                RCC_IRQHandler
                0x0000000008002470                DMA1_Channel1_IRQHandler
                0x0000000008002470                Default_Handler
                0x0000000008002470                DMA2_Channel7_IRQHandler
                0x0000000008002470                TIM7_IRQHandler
                0x0000000008002470                SDMMC1_IRQHandler
                0x0000000008002470                TIM5_IRQHandler
                0x0000000008002470                I2C3_EV_IRQHandler
                0x0000000008002470                RTC_WKUP_IRQHandler
                0x0000000008002470                PVD_PVM_IRQHandler
                0x0000000008002470                SPI2_IRQHandler
                0x0000000008002470                CAN1_TX_IRQHandler
                0x0000000008002470                DMA2_Channel5_IRQHandler
                0x0000000008002470                DMA1_Channel5_IRQHandler
                0x0000000008002470                EXTI4_IRQHandler
                0x0000000008002470                RNG_IRQHandler
                0x0000000008002470                TIM1_TRG_COM_TIM17_IRQHandler
                0x0000000008002470                DMA1_Channel3_IRQHandler
                0x0000000008002470                COMP_IRQHandler
                0x0000000008002470                WWDG_IRQHandler
                0x0000000008002470                LPUART1_IRQHandler
                0x0000000008002470                DMA2_Channel6_IRQHandler
                0x0000000008002470                TIM2_IRQHandler
                0x0000000008002470                EXTI1_IRQHandler
                0x0000000008002470                USART2_IRQHandler
                0x0000000008002470                DFSDM1_FLT0_IRQHandler
                0x0000000008002470                I2C2_ER_IRQHandler
                0x0000000008002470                DMA1_Channel2_IRQHandler
                0x0000000008002470                TIM8_BRK_IRQHandler
                0x0000000008002470                CAN1_SCE_IRQHandler
                0x0000000008002470                FLASH_IRQHandler
                0x0000000008002470                USART1_IRQHandler
                0x0000000008002470                OTG_FS_IRQHandler
                0x0000000008002470                SPI3_IRQHandler
                0x0000000008002470                I2C1_ER_IRQHandler
                0x0000000008002470                FMC_IRQHandler
                0x0000000008002470                SWPMI1_IRQHandler
                0x0000000008002470                LPTIM1_IRQHandler
                0x0000000008002470                SAI1_IRQHandler
                0x0000000008002470                DMA2_Channel3_IRQHandler
                0x0000000008002470                TIM1_BRK_TIM15_IRQHandler
 *fill*         0x0000000008002472        0x2 
 .text.I2Cx_MspInit
                0x0000000008002474       0xb0 Drivers/BSP/B-L475E-IOT01/stm32l475e_iot01.o
 .text.I2Cx_Init
                0x0000000008002524       0x5c Drivers/BSP/B-L475E-IOT01/stm32l475e_iot01.o
 .text.I2Cx_ReadMultiple
                0x0000000008002580       0x5a Drivers/BSP/B-L475E-IOT01/stm32l475e_iot01.o
 .text.I2Cx_WriteMultiple
                0x00000000080025da       0x5a Drivers/BSP/B-L475E-IOT01/stm32l475e_iot01.o
 .text.I2Cx_Error
                0x0000000008002634       0x20 Drivers/BSP/B-L475E-IOT01/stm32l475e_iot01.o
 .text.SENSOR_IO_Init
                0x0000000008002654       0x14 Drivers/BSP/B-L475E-IOT01/stm32l475e_iot01.o
                0x0000000008002654                SENSOR_IO_Init
 .text.SENSOR_IO_Write
                0x0000000008002668       0x34 Drivers/BSP/B-L475E-IOT01/stm32l475e_iot01.o
                0x0000000008002668                SENSOR_IO_Write
 .text.SENSOR_IO_Read
                0x000000000800269c       0x3c Drivers/BSP/B-L475E-IOT01/stm32l475e_iot01.o
                0x000000000800269c                SENSOR_IO_Read
 .text.SENSOR_IO_ReadMultiple
                0x00000000080026d8       0x3c Drivers/BSP/B-L475E-IOT01/stm32l475e_iot01.o
                0x00000000080026d8                SENSOR_IO_ReadMultiple
 .text.BSP_HSENSOR_Init
                0x0000000008002714       0x40 Drivers/BSP/B-L475E-IOT01/stm32l475e_iot01_hsensor.o
                0x0000000008002714                BSP_HSENSOR_Init
 .text.BSP_HSENSOR_ReadHumidity
                0x0000000008002754       0x1c Drivers/BSP/B-L475E-IOT01/stm32l475e_iot01_hsensor.o
                0x0000000008002754                BSP_HSENSOR_ReadHumidity
 .text.BSP_TSENSOR_Init
                0x0000000008002770       0x38 Drivers/BSP/B-L475E-IOT01/stm32l475e_iot01_tsensor.o
                0x0000000008002770                BSP_TSENSOR_Init
 .text.BSP_TSENSOR_ReadTemp
                0x00000000080027a8       0x1c Drivers/BSP/B-L475E-IOT01/stm32l475e_iot01_tsensor.o
                0x00000000080027a8                BSP_TSENSOR_ReadTemp
 .text.HTS221_H_Init
                0x00000000080027c4       0x58 Drivers/BSP/Components/hts221/hts221.o
                0x00000000080027c4                HTS221_H_Init
 .text.HTS221_H_ReadID
                0x000000000800281c       0x2c Drivers/BSP/Components/hts221/hts221.o
                0x000000000800281c                HTS221_H_ReadID
 .text.HTS221_H_ReadHumidity
                0x0000000008002848      0x138 Drivers/BSP/Components/hts221/hts221.o
                0x0000000008002848                HTS221_H_ReadHumidity
 .text.HTS221_T_Init
                0x0000000008002980       0x5a Drivers/BSP/Components/hts221/hts221.o
                0x0000000008002980                HTS221_T_Init
 .text.HTS221_T_ReadTemp
                0x00000000080029da      0x10e Drivers/BSP/Components/hts221/hts221.o
                0x00000000080029da                HTS221_T_ReadTemp
 .text.HAL_Init
                0x0000000008002ae8       0x30 Drivers/STM32L4xx_HAL_Driver/Src/stm32l4xx_hal.o
                0x0000000008002ae8                HAL_Init
 .text.HAL_IncTick
                0x0000000008002b18       0x24 Drivers/STM32L4xx_HAL_Driver/Src/stm32l4xx_hal.o
                0x0000000008002b18                HAL_IncTick
 .text.HAL_GetTick
                0x0000000008002b3c       0x18 Drivers/STM32L4xx_HAL_Driver/Src/stm32l4xx_hal.o
                0x0000000008002b3c                HAL_GetTick
 .text.HAL_Delay
                0x0000000008002b54       0x44 Drivers/STM32L4xx_HAL_Driver/Src/stm32l4xx_hal.o
                0x0000000008002b54                HAL_Delay
 .text.__NVIC_SetPriorityGrouping
                0x0000000008002b98       0x48 Drivers/STM32L4xx_HAL_Driver/Src/stm32l4xx_hal_cortex.o
 .text.__NVIC_GetPriorityGrouping
                0x0000000008002be0       0x1c Drivers/STM32L4xx_HAL_Driver/Src/stm32l4xx_hal_cortex.o
 .text.__NVIC_EnableIRQ
                0x0000000008002bfc       0x3c Drivers/STM32L4xx_HAL_Driver/Src/stm32l4xx_hal_cortex.o
 .text.__NVIC_SetPriority
                0x0000000008002c38       0x54 Drivers/STM32L4xx_HAL_Driver/Src/stm32l4xx_hal_cortex.o
 .text.NVIC_EncodePriority
                0x0000000008002c8c       0x66 Drivers/STM32L4xx_HAL_Driver/Src/stm32l4xx_hal_cortex.o
 .text.HAL_NVIC_SetPriorityGrouping
                0x0000000008002cf2       0x16 Drivers/STM32L4xx_HAL_Driver/Src/stm32l4xx_hal_cortex.o
                0x0000000008002cf2                HAL_NVIC_SetPriorityGrouping
 .text.HAL_NVIC_SetPriority
                0x0000000008002d08       0x38 Drivers/STM32L4xx_HAL_Driver/Src/stm32l4xx_hal_cortex.o
                0x0000000008002d08                HAL_NVIC_SetPriority
 .text.HAL_NVIC_EnableIRQ
                0x0000000008002d40       0x1c Drivers/STM32L4xx_HAL_Driver/Src/stm32l4xx_hal_cortex.o
                0x0000000008002d40                HAL_NVIC_EnableIRQ
 .text.HAL_DFSDM_ChannelInit
                0x0000000008002d5c      0x180 Drivers/STM32L4xx_HAL_Driver/Src/stm32l4xx_hal_dfsdm.o
                0x0000000008002d5c                HAL_DFSDM_ChannelInit
 .text.DFSDM_GetChannelFromInstance
                0x0000000008002edc       0xac Drivers/STM32L4xx_HAL_Driver/Src/stm32l4xx_hal_dfsdm.o
 .text.HAL_GPIO_Init
                0x0000000008002f88      0x350 Drivers/STM32L4xx_HAL_Driver/Src/stm32l4xx_hal_gpio.o
                0x0000000008002f88                HAL_GPIO_Init
 .text.HAL_GPIO_DeInit
                0x00000000080032d8      0x1e8 Drivers/STM32L4xx_HAL_Driver/Src/stm32l4xx_hal_gpio.o
                0x00000000080032d8                HAL_GPIO_DeInit
 .text.HAL_GPIO_WritePin
                0x00000000080034c0       0x30 Drivers/STM32L4xx_HAL_Driver/Src/stm32l4xx_hal_gpio.o
                0x00000000080034c0                HAL_GPIO_WritePin
 .text.HAL_GPIO_EXTI_IRQHandler
                0x00000000080034f0       0x30 Drivers/STM32L4xx_HAL_Driver/Src/stm32l4xx_hal_gpio.o
                0x00000000080034f0                HAL_GPIO_EXTI_IRQHandler
 .text.HAL_GPIO_EXTI_Callback
                0x0000000008003520       0x16 Drivers/STM32L4xx_HAL_Driver/Src/stm32l4xx_hal_gpio.o
                0x0000000008003520                HAL_GPIO_EXTI_Callback
 .text.HAL_I2C_Init
                0x0000000008003536      0x11e Drivers/STM32L4xx_HAL_Driver/Src/stm32l4xx_hal_i2c.o
                0x0000000008003536                HAL_I2C_Init
 .text.HAL_I2C_DeInit
                0x0000000008003654       0x5e Drivers/STM32L4xx_HAL_Driver/Src/stm32l4xx_hal_i2c.o
                0x0000000008003654                HAL_I2C_DeInit
 *fill*         0x00000000080036b2        0x2 
 .text.HAL_I2C_Mem_Write
                0x00000000080036b4      0x228 Drivers/STM32L4xx_HAL_Driver/Src/stm32l4xx_hal_i2c.o
                0x00000000080036b4                HAL_I2C_Mem_Write
 .text.HAL_I2C_Mem_Read
                0x00000000080038dc      0x234 Drivers/STM32L4xx_HAL_Driver/Src/stm32l4xx_hal_i2c.o
                0x00000000080038dc                HAL_I2C_Mem_Read
 .text.I2C_RequestMemoryWrite
                0x0000000008003b10       0xa8 Drivers/STM32L4xx_HAL_Driver/Src/stm32l4xx_hal_i2c.o
 .text.I2C_RequestMemoryRead
                0x0000000008003bb8       0xa8 Drivers/STM32L4xx_HAL_Driver/Src/stm32l4xx_hal_i2c.o
 .text.I2C_Flush_TXDR
                0x0000000008003c60       0x48 Drivers/STM32L4xx_HAL_Driver/Src/stm32l4xx_hal_i2c.o
 .text.I2C_WaitOnFlagUntilTimeout
                0x0000000008003ca8       0x80 Drivers/STM32L4xx_HAL_Driver/Src/stm32l4xx_hal_i2c.o
 .text.I2C_WaitOnTXISFlagUntilTimeout
                0x0000000008003d28       0x80 Drivers/STM32L4xx_HAL_Driver/Src/stm32l4xx_hal_i2c.o
 .text.I2C_WaitOnSTOPFlagUntilTimeout
                0x0000000008003da8       0x78 Drivers/STM32L4xx_HAL_Driver/Src/stm32l4xx_hal_i2c.o
 .text.I2C_IsAcknowledgeFailed
                0x0000000008003e20       0xcc Drivers/STM32L4xx_HAL_Driver/Src/stm32l4xx_hal_i2c.o
 .text.I2C_TransferConfig
                0x0000000008003eec       0x5c Drivers/STM32L4xx_HAL_Driver/Src/stm32l4xx_hal_i2c.o
 .text.HAL_I2CEx_ConfigAnalogFilter
                0x0000000008003f48       0x96 Drivers/STM32L4xx_HAL_Driver/Src/stm32l4xx_hal_i2c_ex.o
                0x0000000008003f48                HAL_I2CEx_ConfigAnalogFilter
 .text.HAL_I2CEx_ConfigDigitalFilter
                0x0000000008003fde       0x98 Drivers/STM32L4xx_HAL_Driver/Src/stm32l4xx_hal_i2c_ex.o
                0x0000000008003fde                HAL_I2CEx_ConfigDigitalFilter
 .text.HAL_PCD_Init
                0x0000000008004076      0x248 Drivers/STM32L4xx_HAL_Driver/Src/stm32l4xx_hal_pcd.o
                0x0000000008004076                HAL_PCD_Init
 .text.HAL_PCDEx_ActivateLPM
                0x00000000080042be       0x48 Drivers/STM32L4xx_HAL_Driver/Src/stm32l4xx_hal_pcd_ex.o
                0x00000000080042be                HAL_PCDEx_ActivateLPM
 *fill*         0x0000000008004306        0x2 
 .text.HAL_PWR_EnableBkUpAccess
                0x0000000008004308       0x20 Drivers/STM32L4xx_HAL_Driver/Src/stm32l4xx_hal_pwr.o
                0x0000000008004308                HAL_PWR_EnableBkUpAccess
 .text.HAL_PWREx_GetVoltageRange
                0x0000000008004328       0x1c Drivers/STM32L4xx_HAL_Driver/Src/stm32l4xx_hal_pwr_ex.o
                0x0000000008004328                HAL_PWREx_GetVoltageRange
 .text.HAL_PWREx_ControlVoltageScaling
                0x0000000008004344       0xac Drivers/STM32L4xx_HAL_Driver/Src/stm32l4xx_hal_pwr_ex.o
                0x0000000008004344                HAL_PWREx_ControlVoltageScaling
 .text.HAL_PWREx_EnableVddUSB
                0x00000000080043f0       0x20 Drivers/STM32L4xx_HAL_Driver/Src/stm32l4xx_hal_pwr_ex.o
                0x00000000080043f0                HAL_PWREx_EnableVddUSB
 .text.HAL_QSPI_Init
                0x0000000008004410      0x104 Drivers/STM32L4xx_HAL_Driver/Src/stm32l4xx_hal_qspi.o
                0x0000000008004410                HAL_QSPI_Init
 .text.HAL_QSPI_SetTimeout
                0x0000000008004514       0x1c Drivers/STM32L4xx_HAL_Driver/Src/stm32l4xx_hal_qspi.o
                0x0000000008004514                HAL_QSPI_SetTimeout
 .text.QSPI_WaitFlagStateUntilTimeout
                0x0000000008004530       0x6e Drivers/STM32L4xx_HAL_Driver/Src/stm32l4xx_hal_qspi.o
 *fill*         0x000000000800459e        0x2 
 .text.HAL_RCC_OscConfig
                0x00000000080045a0      0x760 Drivers/STM32L4xx_HAL_Driver/Src/stm32l4xx_hal_rcc.o
                0x00000000080045a0                HAL_RCC_OscConfig
 .text.HAL_RCC_ClockConfig
                0x0000000008004d00      0x1c4 Drivers/STM32L4xx_HAL_Driver/Src/stm32l4xx_hal_rcc.o
                0x0000000008004d00                HAL_RCC_ClockConfig
 .text.HAL_RCC_GetSysClockFreq
                0x0000000008004ec4      0x114 Drivers/STM32L4xx_HAL_Driver/Src/stm32l4xx_hal_rcc.o
                0x0000000008004ec4                HAL_RCC_GetSysClockFreq
 .text.HAL_RCC_GetHCLKFreq
                0x0000000008004fd8       0x18 Drivers/STM32L4xx_HAL_Driver/Src/stm32l4xx_hal_rcc.o
                0x0000000008004fd8                HAL_RCC_GetHCLKFreq
 .text.HAL_RCC_GetPCLK1Freq
                0x0000000008004ff0       0x2c Drivers/STM32L4xx_HAL_Driver/Src/stm32l4xx_hal_rcc.o
                0x0000000008004ff0                HAL_RCC_GetPCLK1Freq
 .text.HAL_RCC_GetPCLK2Freq
                0x000000000800501c       0x2c Drivers/STM32L4xx_HAL_Driver/Src/stm32l4xx_hal_rcc.o
                0x000000000800501c                HAL_RCC_GetPCLK2Freq
 .text.HAL_RCC_GetClockConfig
                0x0000000008005048       0x64 Drivers/STM32L4xx_HAL_Driver/Src/stm32l4xx_hal_rcc.o
                0x0000000008005048                HAL_RCC_GetClockConfig
 .text.RCC_SetFlashLatencyFromMSIRange
                0x00000000080050ac       0xc0 Drivers/STM32L4xx_HAL_Driver/Src/stm32l4xx_hal_rcc.o
 .text.HAL_RCCEx_PeriphCLKConfig
                0x000000000800516c      0x5cc Drivers/STM32L4xx_HAL_Driver/Src/stm32l4xx_hal_rcc_ex.o
                0x000000000800516c                HAL_RCCEx_PeriphCLKConfig
 .text.HAL_RCCEx_EnableMSIPLLMode
                0x0000000008005738       0x20 Drivers/STM32L4xx_HAL_Driver/Src/stm32l4xx_hal_rcc_ex.o
                0x0000000008005738                HAL_RCCEx_EnableMSIPLLMode
 .text.RCCEx_PLLSAI1_Config
                0x0000000008005758      0x1e0 Drivers/STM32L4xx_HAL_Driver/Src/stm32l4xx_hal_rcc_ex.o
 .text.RCCEx_PLLSAI2_Config
                0x0000000008005938      0x1b4 Drivers/STM32L4xx_HAL_Driver/Src/stm32l4xx_hal_rcc_ex.o
 .text.HAL_SPI_Init
                0x0000000008005aec      0x114 Drivers/STM32L4xx_HAL_Driver/Src/stm32l4xx_hal_spi.o
                0x0000000008005aec                HAL_SPI_Init
 .text.HAL_TIM_Base_Init
                0x0000000008005c00       0x56 Drivers/STM32L4xx_HAL_Driver/Src/stm32l4xx_hal_tim.o
                0x0000000008005c00                HAL_TIM_Base_Init
 .text.HAL_TIM_Base_MspInit
                0x0000000008005c56       0x14 Drivers/STM32L4xx_HAL_Driver/Src/stm32l4xx_hal_tim.o
                0x0000000008005c56                HAL_TIM_Base_MspInit
 *fill*         0x0000000008005c6a        0x2 
 .text.HAL_TIM_Base_Start_IT
                0x0000000008005c6c       0x54 Drivers/STM32L4xx_HAL_Driver/Src/stm32l4xx_hal_tim.o
                0x0000000008005c6c                HAL_TIM_Base_Start_IT
 .text.HAL_TIM_IRQHandler
                0x0000000008005cc0      0x23e Drivers/STM32L4xx_HAL_Driver/Src/stm32l4xx_hal_tim.o
                0x0000000008005cc0                HAL_TIM_IRQHandler
 .text.HAL_TIM_OC_DelayElapsedCallback
                0x0000000008005efe       0x14 Drivers/STM32L4xx_HAL_Driver/Src/stm32l4xx_hal_tim.o
                0x0000000008005efe                HAL_TIM_OC_DelayElapsedCallback
 .text.HAL_TIM_IC_CaptureCallback
                0x0000000008005f12       0x14 Drivers/STM32L4xx_HAL_Driver/Src/stm32l4xx_hal_tim.o
                0x0000000008005f12                HAL_TIM_IC_CaptureCallback
 .text.HAL_TIM_PWM_PulseFinishedCallback
                0x0000000008005f26       0x14 Drivers/STM32L4xx_HAL_Driver/Src/stm32l4xx_hal_tim.o
                0x0000000008005f26                HAL_TIM_PWM_PulseFinishedCallback
 .text.HAL_TIM_TriggerCallback
                0x0000000008005f3a       0x14 Drivers/STM32L4xx_HAL_Driver/Src/stm32l4xx_hal_tim.o
                0x0000000008005f3a                HAL_TIM_TriggerCallback
 *fill*         0x0000000008005f4e        0x2 
 .text.TIM_Base_SetConfig
                0x0000000008005f50      0x134 Drivers/STM32L4xx_HAL_Driver/Src/stm32l4xx_hal_tim.o
                0x0000000008005f50                TIM_Base_SetConfig
 .text.HAL_TIMEx_CommutCallback
                0x0000000008006084       0x14 Drivers/STM32L4xx_HAL_Driver/Src/stm32l4xx_hal_tim_ex.o
                0x0000000008006084                HAL_TIMEx_CommutCallback
 .text.HAL_TIMEx_BreakCallback
                0x0000000008006098       0x14 Drivers/STM32L4xx_HAL_Driver/Src/stm32l4xx_hal_tim_ex.o
                0x0000000008006098                HAL_TIMEx_BreakCallback
 .text.HAL_TIMEx_Break2Callback
                0x00000000080060ac       0x14 Drivers/STM32L4xx_HAL_Driver/Src/stm32l4xx_hal_tim_ex.o
                0x00000000080060ac                HAL_TIMEx_Break2Callback
 .text.HAL_UART_Init
                0x00000000080060c0       0x9c Drivers/STM32L4xx_HAL_Driver/Src/stm32l4xx_hal_uart.o
                0x00000000080060c0                HAL_UART_Init
 .text.HAL_UART_Transmit
                0x000000000800615c      0x126 Drivers/STM32L4xx_HAL_Driver/Src/stm32l4xx_hal_uart.o
                0x000000000800615c                HAL_UART_Transmit
 *fill*         0x0000000008006282        0x2 
 .text.UART_SetConfig
                0x0000000008006284      0x690 Drivers/STM32L4xx_HAL_Driver/Src/stm32l4xx_hal_uart.o
                0x0000000008006284                UART_SetConfig
 .text.UART_AdvFeatureConfig
                0x0000000008006914      0x144 Drivers/STM32L4xx_HAL_Driver/Src/stm32l4xx_hal_uart.o
                0x0000000008006914                UART_AdvFeatureConfig
 .text.UART_CheckIdleState
                0x0000000008006a58       0x8a Drivers/STM32L4xx_HAL_Driver/Src/stm32l4xx_hal_uart.o
                0x0000000008006a58                UART_CheckIdleState
 .text.UART_WaitOnFlagUntilTimeout
                0x0000000008006ae2       0x90 Drivers/STM32L4xx_HAL_Driver/Src/stm32l4xx_hal_uart.o
                0x0000000008006ae2                UART_WaitOnFlagUntilTimeout
 .text.USB_CoreInit
                0x0000000008006b72       0xa4 Drivers/STM32L4xx_HAL_Driver/Src/stm32l4xx_ll_usb.o
                0x0000000008006b72                USB_CoreInit
 .text.USB_DisableGlobalInt
                0x0000000008006c16       0x22 Drivers/STM32L4xx_HAL_Driver/Src/stm32l4xx_ll_usb.o
                0x0000000008006c16                USB_DisableGlobalInt
 .text.USB_SetCurrentMode
                0x0000000008006c38       0x54 Drivers/STM32L4xx_HAL_Driver/Src/stm32l4xx_ll_usb.o
                0x0000000008006c38                USB_SetCurrentMode
 .text.USB_DevInit
                0x0000000008006c8c      0x284 Drivers/STM32L4xx_HAL_Driver/Src/stm32l4xx_ll_usb.o
                0x0000000008006c8c                USB_DevInit
 .text.USB_FlushTxFifo
                0x0000000008006f10       0x4c Drivers/STM32L4xx_HAL_Driver/Src/stm32l4xx_ll_usb.o
                0x0000000008006f10                USB_FlushTxFifo
 .text.USB_FlushRxFifo
                0x0000000008006f5c       0x44 Drivers/STM32L4xx_HAL_Driver/Src/stm32l4xx_ll_usb.o
                0x0000000008006f5c                USB_FlushRxFifo
 .text.USB_SetDevSpeed
                0x0000000008006fa0       0x32 Drivers/STM32L4xx_HAL_Driver/Src/stm32l4xx_ll_usb.o
                0x0000000008006fa0                USB_SetDevSpeed
 .text.USB_DevDisconnect
                0x0000000008006fd2       0x30 Drivers/STM32L4xx_HAL_Driver/Src/stm32l4xx_ll_usb.o
                0x0000000008006fd2                USB_DevDisconnect
 *fill*         0x0000000008007002        0x2 
 .text.USB_CoreReset
                0x0000000008007004       0x68 Drivers/STM32L4xx_HAL_Driver/Src/stm32l4xx_ll_usb.o
 .text.osKernelInitialize
                0x000000000800706c       0x68 Middlewares/Third_Party/FreeRTOS/Source/CMSIS_RTOS_V2/cmsis_os2.o
                0x000000000800706c                osKernelInitialize
 .text.osKernelStart
                0x00000000080070d4       0x68 Middlewares/Third_Party/FreeRTOS/Source/CMSIS_RTOS_V2/cmsis_os2.o
                0x00000000080070d4                osKernelStart
 .text.osThreadNew
                0x000000000800713c      0x154 Middlewares/Third_Party/FreeRTOS/Source/CMSIS_RTOS_V2/cmsis_os2.o
                0x000000000800713c                osThreadNew
 .text.osDelay  0x0000000008007290       0x5c Middlewares/Third_Party/FreeRTOS/Source/CMSIS_RTOS_V2/cmsis_os2.o
                0x0000000008007290                osDelay
 .text.osMutexNew
                0x00000000080072ec      0x134 Middlewares/Third_Party/FreeRTOS/Source/CMSIS_RTOS_V2/cmsis_os2.o
                0x00000000080072ec                osMutexNew
 .text.osSemaphoreNew
                0x0000000008007420      0x13c Middlewares/Third_Party/FreeRTOS/Source/CMSIS_RTOS_V2/cmsis_os2.o
                0x0000000008007420                osSemaphoreNew
 .text.osSemaphoreAcquire
                0x000000000800755c       0xcc Middlewares/Third_Party/FreeRTOS/Source/CMSIS_RTOS_V2/cmsis_os2.o
                0x000000000800755c                osSemaphoreAcquire
 .text.osSemaphoreRelease
                0x0000000008007628       0xb0 Middlewares/Third_Party/FreeRTOS/Source/CMSIS_RTOS_V2/cmsis_os2.o
                0x0000000008007628                osSemaphoreRelease
 .text.vApplicationGetIdleTaskMemory
                0x00000000080076d8       0x34 Middlewares/Third_Party/FreeRTOS/Source/CMSIS_RTOS_V2/cmsis_os2.o
                0x00000000080076d8                vApplicationGetIdleTaskMemory
 .text.vApplicationGetTimerTaskMemory
                0x000000000800770c       0x34 Middlewares/Third_Party/FreeRTOS/Source/CMSIS_RTOS_V2/cmsis_os2.o
                0x000000000800770c                vApplicationGetTimerTaskMemory
 .text.vListInitialise
                0x0000000008007740       0x40 Middlewares/Third_Party/FreeRTOS/Source/list.o
                0x0000000008007740                vListInitialise
 .text.vListInitialiseItem
                0x0000000008007780       0x1a Middlewares/Third_Party/FreeRTOS/Source/list.o
                0x0000000008007780                vListInitialiseItem
 .text.vListInsertEnd
                0x000000000800779a       0x48 Middlewares/Third_Party/FreeRTOS/Source/list.o
                0x000000000800779a                vListInsertEnd
 .text.vListInsert
                0x00000000080077e2       0x72 Middlewares/Third_Party/FreeRTOS/Source/list.o
                0x00000000080077e2                vListInsert
 .text.uxListRemove
                0x0000000008007854       0x54 Middlewares/Third_Party/FreeRTOS/Source/list.o
                0x0000000008007854                uxListRemove
 .text.xQueueGenericReset
                0x00000000080078a8       0xd0 Middlewares/Third_Party/FreeRTOS/Source/queue.o
                0x00000000080078a8                xQueueGenericReset
 .text.xQueueGenericCreateStatic
                0x0000000008007978       0xe4 Middlewares/Third_Party/FreeRTOS/Source/queue.o
                0x0000000008007978                xQueueGenericCreateStatic
 .text.xQueueGenericCreate
                0x0000000008007a5c       0x7a Middlewares/Third_Party/FreeRTOS/Source/queue.o
                0x0000000008007a5c                xQueueGenericCreate
 .text.prvInitialiseNewQueue
                0x0000000008007ad6       0x46 Middlewares/Third_Party/FreeRTOS/Source/queue.o
 .text.prvInitialiseMutex
                0x0000000008007b1c       0x34 Middlewares/Third_Party/FreeRTOS/Source/queue.o
 .text.xQueueCreateMutex
                0x0000000008007b50       0x30 Middlewares/Third_Party/FreeRTOS/Source/queue.o
                0x0000000008007b50                xQueueCreateMutex
 .text.xQueueCreateMutexStatic
                0x0000000008007b80       0x36 Middlewares/Third_Party/FreeRTOS/Source/queue.o
                0x0000000008007b80                xQueueCreateMutexStatic
 .text.xQueueCreateCountingSemaphoreStatic
                0x0000000008007bb6       0x6a Middlewares/Third_Party/FreeRTOS/Source/queue.o
                0x0000000008007bb6                xQueueCreateCountingSemaphoreStatic
 .text.xQueueCreateCountingSemaphore
                0x0000000008007c20       0x62 Middlewares/Third_Party/FreeRTOS/Source/queue.o
                0x0000000008007c20                xQueueCreateCountingSemaphore
 *fill*         0x0000000008007c82        0x2 
 .text.xQueueGenericSend
                0x0000000008007c84      0x1f4 Middlewares/Third_Party/FreeRTOS/Source/queue.o
                0x0000000008007c84                xQueueGenericSend
 .text.xQueueGenericSendFromISR
                0x0000000008007e78      0x128 Middlewares/Third_Party/FreeRTOS/Source/queue.o
                0x0000000008007e78                xQueueGenericSendFromISR
 .text.xQueueGiveFromISR
                0x0000000008007fa0      0x112 Middlewares/Third_Party/FreeRTOS/Source/queue.o
                0x0000000008007fa0                xQueueGiveFromISR
 *fill*         0x00000000080080b2        0x2 
 .text.xQueueReceive
                0x00000000080080b4      0x1b8 Middlewares/Third_Party/FreeRTOS/Source/queue.o
                0x00000000080080b4                xQueueReceive
 .text.xQueueSemaphoreTake
                0x000000000800826c      0x210 Middlewares/Third_Party/FreeRTOS/Source/queue.o
                0x000000000800826c                xQueueSemaphoreTake
 .text.xQueueReceiveFromISR
                0x000000000800847c       0xfa Middlewares/Third_Party/FreeRTOS/Source/queue.o
                0x000000000800847c                xQueueReceiveFromISR
 .text.vQueueDelete
                0x0000000008008576       0x44 Middlewares/Third_Party/FreeRTOS/Source/queue.o
                0x0000000008008576                vQueueDelete
 .text.prvGetDisinheritPriorityAfterTimeout
                0x00000000080085ba       0x30 Middlewares/Third_Party/FreeRTOS/Source/queue.o
 .text.prvCopyDataToQueue
                0x00000000080085ea       0xd4 Middlewares/Third_Party/FreeRTOS/Source/queue.o
 .text.prvCopyDataFromQueue
                0x00000000080086be       0x4c Middlewares/Third_Party/FreeRTOS/Source/queue.o
 .text.prvUnlockQueue
                0x000000000800870a       0xa4 Middlewares/Third_Party/FreeRTOS/Source/queue.o
 .text.prvIsQueueEmpty
                0x00000000080087ae       0x2c Middlewares/Third_Party/FreeRTOS/Source/queue.o
 .text.prvIsQueueFull
                0x00000000080087da       0x30 Middlewares/Third_Party/FreeRTOS/Source/queue.o
 *fill*         0x000000000800880a        0x2 
 .text.vQueueAddToRegistry
                0x000000000800880c       0x50 Middlewares/Third_Party/FreeRTOS/Source/queue.o
                0x000000000800880c                vQueueAddToRegistry
 .text.vQueueUnregisterQueue
                0x000000000800885c       0x54 Middlewares/Third_Party/FreeRTOS/Source/queue.o
                0x000000000800885c                vQueueUnregisterQueue
 .text.vQueueWaitForMessageRestricted
                0x00000000080088b0       0x68 Middlewares/Third_Party/FreeRTOS/Source/queue.o
                0x00000000080088b0                vQueueWaitForMessageRestricted
 .text.xTaskCreateStatic
                0x0000000008008918       0xb2 Middlewares/Third_Party/FreeRTOS/Source/tasks.o
                0x0000000008008918                xTaskCreateStatic
 .text.xTaskCreate
                0x00000000080089ca       0x8a Middlewares/Third_Party/FreeRTOS/Source/tasks.o
                0x00000000080089ca                xTaskCreate
 .text.prvInitialiseNewTask
                0x0000000008008a54      0x10c Middlewares/Third_Party/FreeRTOS/Source/tasks.o
 .text.prvAddNewTaskToReadyList
                0x0000000008008b60       0xe0 Middlewares/Third_Party/FreeRTOS/Source/tasks.o
 .text.vTaskDelay
                0x0000000008008c40       0x68 Middlewares/Third_Party/FreeRTOS/Source/tasks.o
                0x0000000008008c40                vTaskDelay
 .text.vTaskStartScheduler
                0x0000000008008ca8       0xc8 Middlewares/Third_Party/FreeRTOS/Source/tasks.o
                0x0000000008008ca8                vTaskStartScheduler
 .text.vTaskSuspendAll
                0x0000000008008d70       0x1c Middlewares/Third_Party/FreeRTOS/Source/tasks.o
                0x0000000008008d70                vTaskSuspendAll
 .text.xTaskResumeAll
                0x0000000008008d8c      0x138 Middlewares/Third_Party/FreeRTOS/Source/tasks.o
                0x0000000008008d8c                xTaskResumeAll
 .text.xTaskGetTickCount
                0x0000000008008ec4       0x20 Middlewares/Third_Party/FreeRTOS/Source/tasks.o
                0x0000000008008ec4                xTaskGetTickCount
 .text.xTaskIncrementTick
                0x0000000008008ee4      0x17c Middlewares/Third_Party/FreeRTOS/Source/tasks.o
                0x0000000008008ee4                xTaskIncrementTick
 .text.vTaskSwitchContext
                0x0000000008009060       0xb8 Middlewares/Third_Party/FreeRTOS/Source/tasks.o
                0x0000000008009060                vTaskSwitchContext
 .text.vTaskPlaceOnEventList
                0x0000000008009118       0x48 Middlewares/Third_Party/FreeRTOS/Source/tasks.o
                0x0000000008009118                vTaskPlaceOnEventList
 .text.vTaskPlaceOnEventListRestricted
                0x0000000008009160       0x54 Middlewares/Third_Party/FreeRTOS/Source/tasks.o
                0x0000000008009160                vTaskPlaceOnEventListRestricted
 .text.xTaskRemoveFromEventList
                0x00000000080091b4       0xc4 Middlewares/Third_Party/FreeRTOS/Source/tasks.o
                0x00000000080091b4                xTaskRemoveFromEventList
 .text.vTaskInternalSetTimeOutState
                0x0000000008009278       0x2c Middlewares/Third_Party/FreeRTOS/Source/tasks.o
                0x0000000008009278                vTaskInternalSetTimeOutState
 .text.xTaskCheckForTimeOut
                0x00000000080092a4       0xc0 Middlewares/Third_Party/FreeRTOS/Source/tasks.o
                0x00000000080092a4                xTaskCheckForTimeOut
 .text.vTaskMissedYield
                0x0000000008009364       0x18 Middlewares/Third_Party/FreeRTOS/Source/tasks.o
                0x0000000008009364                vTaskMissedYield
 .text.prvIdleTask
                0x000000000800937c       0x30 Middlewares/Third_Party/FreeRTOS/Source/tasks.o
 .text.prvInitialiseTaskLists
                0x00000000080093ac       0x80 Middlewares/Third_Party/FreeRTOS/Source/tasks.o
 .text.prvCheckTasksWaitingTermination
                0x000000000800942c       0x58 Middlewares/Third_Party/FreeRTOS/Source/tasks.o
 .text.prvDeleteTCB
                0x0000000008009484       0x5c Middlewares/Third_Party/FreeRTOS/Source/tasks.o
 .text.prvResetNextTaskUnblockTime
                0x00000000080094e0       0x4c Middlewares/Third_Party/FreeRTOS/Source/tasks.o
 .text.xTaskGetSchedulerState
                0x000000000800952c       0x3c Middlewares/Third_Party/FreeRTOS/Source/tasks.o
                0x000000000800952c                xTaskGetSchedulerState
 .text.xTaskPriorityInherit
                0x0000000008009568       0xdc Middlewares/Third_Party/FreeRTOS/Source/tasks.o
                0x0000000008009568                xTaskPriorityInherit
 .text.xTaskPriorityDisinherit
                0x0000000008009644       0xd8 Middlewares/Third_Party/FreeRTOS/Source/tasks.o
                0x0000000008009644                xTaskPriorityDisinherit
 .text.vTaskPriorityDisinheritAfterTimeout
                0x000000000800971c      0x108 Middlewares/Third_Party/FreeRTOS/Source/tasks.o
                0x000000000800971c                vTaskPriorityDisinheritAfterTimeout
 .text.pvTaskIncrementMutexHeldCount
                0x0000000008009824       0x28 Middlewares/Third_Party/FreeRTOS/Source/tasks.o
                0x0000000008009824                pvTaskIncrementMutexHeldCount
 .text.prvAddCurrentTaskToDelayedList
                0x000000000800984c       0xa8 Middlewares/Third_Party/FreeRTOS/Source/tasks.o
 .text.xTimerCreateTimerTask
                0x00000000080098f4       0x90 Middlewares/Third_Party/FreeRTOS/Source/timers.o
                0x00000000080098f4                xTimerCreateTimerTask
 .text.xTimerGenericCommand
                0x0000000008009984       0x98 Middlewares/Third_Party/FreeRTOS/Source/timers.o
                0x0000000008009984                xTimerGenericCommand
 .text.prvProcessExpiredTimer
                0x0000000008009a1c       0x80 Middlewares/Third_Party/FreeRTOS/Source/timers.o
 .text.prvTimerTask
                0x0000000008009a9c       0x24 Middlewares/Third_Party/FreeRTOS/Source/timers.o
 .text.prvProcessTimerOrBlockTask
                0x0000000008009ac0       0x9c Middlewares/Third_Party/FreeRTOS/Source/timers.o
 .text.prvGetNextExpireTime
                0x0000000008009b5c       0x48 Middlewares/Third_Party/FreeRTOS/Source/timers.o
 .text.prvSampleTimeNow
                0x0000000008009ba4       0x40 Middlewares/Third_Party/FreeRTOS/Source/timers.o
 .text.prvInsertTimerInActiveList
                0x0000000008009be4       0x84 Middlewares/Third_Party/FreeRTOS/Source/timers.o
 .text.prvProcessReceivedCommands
                0x0000000008009c68      0x160 Middlewares/Third_Party/FreeRTOS/Source/timers.o
 .text.prvSwitchTimerLists
                0x0000000008009dc8       0xc0 Middlewares/Third_Party/FreeRTOS/Source/timers.o
 .text.prvCheckForValidListAndQueue
                0x0000000008009e88       0x80 Middlewares/Third_Party/FreeRTOS/Source/timers.o
 .text.pxPortInitialiseStack
                0x0000000008009f08       0x68 Middlewares/Third_Party/FreeRTOS/Source/portable/GCC/ARM_CM4F/port.o
                0x0000000008009f08                pxPortInitialiseStack
 .text.prvTaskExitError
                0x0000000008009f70       0x54 Middlewares/Third_Party/FreeRTOS/Source/portable/GCC/ARM_CM4F/port.o
 *fill*         0x0000000008009fc4        0xc 
 .text.SVC_Handler
                0x0000000008009fd0       0x28 Middlewares/Third_Party/FreeRTOS/Source/portable/GCC/ARM_CM4F/port.o
                0x0000000008009fd0                SVC_Handler
 .text.prvPortStartFirstTask
                0x0000000008009ff8       0x28 Middlewares/Third_Party/FreeRTOS/Source/portable/GCC/ARM_CM4F/port.o
 .text.xPortStartScheduler
                0x000000000800a020      0x13c Middlewares/Third_Party/FreeRTOS/Source/portable/GCC/ARM_CM4F/port.o
                0x000000000800a020                xPortStartScheduler
 .text.vPortEnterCritical
                0x000000000800a15c       0x5c Middlewares/Third_Party/FreeRTOS/Source/portable/GCC/ARM_CM4F/port.o
                0x000000000800a15c                vPortEnterCritical
 .text.vPortExitCritical
                0x000000000800a1b8       0x50 Middlewares/Third_Party/FreeRTOS/Source/portable/GCC/ARM_CM4F/port.o
                0x000000000800a1b8                vPortExitCritical
 *fill*         0x000000000800a208        0x8 
 .text.PendSV_Handler
                0x000000000800a210       0x68 Middlewares/Third_Party/FreeRTOS/Source/portable/GCC/ARM_CM4F/port.o
                0x000000000800a210                PendSV_Handler
 .text.SysTick_Handler
                0x000000000800a278       0x40 Middlewares/Third_Party/FreeRTOS/Source/portable/GCC/ARM_CM4F/port.o
                0x000000000800a278                SysTick_Handler
 .text.vPortSetupTimerInterrupt
                0x000000000800a2b8       0x48 Middlewares/Third_Party/FreeRTOS/Source/portable/GCC/ARM_CM4F/port.o
                0x000000000800a2b8                vPortSetupTimerInterrupt
 .text.vPortEnableVFP
                0x000000000800a300       0x14 Middlewares/Third_Party/FreeRTOS/Source/portable/GCC/ARM_CM4F/port.o
 .text.vPortValidateInterruptPriority
                0x000000000800a314       0x7c Middlewares/Third_Party/FreeRTOS/Source/portable/GCC/ARM_CM4F/port.o
                0x000000000800a314                vPortValidateInterruptPriority
 .text.pvPortMalloc
                0x000000000800a390      0x184 Middlewares/Third_Party/FreeRTOS/Source/portable/MemMang/heap_4.o
                0x000000000800a390                pvPortMalloc
 .text.vPortFree
                0x000000000800a514       0xb0 Middlewares/Third_Party/FreeRTOS/Source/portable/MemMang/heap_4.o
                0x000000000800a514                vPortFree
 .text.prvHeapInit
                0x000000000800a5c4       0xc4 Middlewares/Third_Party/FreeRTOS/Source/portable/MemMang/heap_4.o
 .text.prvInsertBlockIntoFreeList
                0x000000000800a688       0xb4 Middlewares/Third_Party/FreeRTOS/Source/portable/MemMang/heap_4.o
 .text.__errno  0x000000000800a73c        0xc c:/st/stm32cubeide_1.1.0/stm32cubeide/plugins/com.st.stm32cube.ide.mcu.externaltools.gnu-tools-for-stm32.7-2018-q2-update.win32_1.0.0.201904181610/tools/bin/../lib/gcc/arm-none-eabi/7.3.1/../../../../arm-none-eabi/lib/thumb/v7e-m/fpv4-sp/hard\libc_nano.a(lib_a-errno.o)
                0x000000000800a73c                __errno
 .text.__libc_init_array
                0x000000000800a748       0x48 c:/st/stm32cubeide_1.1.0/stm32cubeide/plugins/com.st.stm32cube.ide.mcu.externaltools.gnu-tools-for-stm32.7-2018-q2-update.win32_1.0.0.201904181610/tools/bin/../lib/gcc/arm-none-eabi/7.3.1/../../../../arm-none-eabi/lib/thumb/v7e-m/fpv4-sp/hard\libc_nano.a(lib_a-init.o)
                0x000000000800a748                __libc_init_array
 .text.memcpy   0x000000000800a790       0x16 c:/st/stm32cubeide_1.1.0/stm32cubeide/plugins/com.st.stm32cube.ide.mcu.externaltools.gnu-tools-for-stm32.7-2018-q2-update.win32_1.0.0.201904181610/tools/bin/../lib/gcc/arm-none-eabi/7.3.1/../../../../arm-none-eabi/lib/thumb/v7e-m/fpv4-sp/hard\libc_nano.a(lib_a-memcpy-stub.o)
                0x000000000800a790                memcpy
 .text.memset   0x000000000800a7a6       0x10 c:/st/stm32cubeide_1.1.0/stm32cubeide/plugins/com.st.stm32cube.ide.mcu.externaltools.gnu-tools-for-stm32.7-2018-q2-update.win32_1.0.0.201904181610/tools/bin/../lib/gcc/arm-none-eabi/7.3.1/../../../../arm-none-eabi/lib/thumb/v7e-m/fpv4-sp/hard\libc_nano.a(lib_a-memset.o)
                0x000000000800a7a6                memset
 *fill*         0x000000000800a7b6        0x2 
 .text.snprintf
                0x000000000800a7b8       0x68 c:/st/stm32cubeide_1.1.0/stm32cubeide/plugins/com.st.stm32cube.ide.mcu.externaltools.gnu-tools-for-stm32.7-2018-q2-update.win32_1.0.0.201904181610/tools/bin/../lib/gcc/arm-none-eabi/7.3.1/../../../../arm-none-eabi/lib/thumb/v7e-m/fpv4-sp/hard\libc_nano.a(lib_a-snprintf.o)
                0x000000000800a7b8                sniprintf
                0x000000000800a7b8                snprintf
 .text.__ssputs_r
                0x000000000800a820       0xb4 c:/st/stm32cubeide_1.1.0/stm32cubeide/plugins/com.st.stm32cube.ide.mcu.externaltools.gnu-tools-for-stm32.7-2018-q2-update.win32_1.0.0.201904181610/tools/bin/../lib/gcc/arm-none-eabi/7.3.1/../../../../arm-none-eabi/lib/thumb/v7e-m/fpv4-sp/hard\libc_nano.a(lib_a-nano-svfprintf.o)
                0x000000000800a820                __ssputs_r
 .text._svfprintf_r
                0x000000000800a8d4      0x1f0 c:/st/stm32cubeide_1.1.0/stm32cubeide/plugins/com.st.stm32cube.ide.mcu.externaltools.gnu-tools-for-stm32.7-2018-q2-update.win32_1.0.0.201904181610/tools/bin/../lib/gcc/arm-none-eabi/7.3.1/../../../../arm-none-eabi/lib/thumb/v7e-m/fpv4-sp/hard\libc_nano.a(lib_a-nano-svfprintf.o)
                0x000000000800a8d4                _svfiprintf_r
                0x000000000800a8d4                _svfprintf_r
 .text._printf_common
                0x000000000800aac4       0xea c:/st/stm32cubeide_1.1.0/stm32cubeide/plugins/com.st.stm32cube.ide.mcu.externaltools.gnu-tools-for-stm32.7-2018-q2-update.win32_1.0.0.201904181610/tools/bin/../lib/gcc/arm-none-eabi/7.3.1/../../../../arm-none-eabi/lib/thumb/v7e-m/fpv4-sp/hard\libc_nano.a(lib_a-nano-vfprintf_i.o)
                0x000000000800aac4                _printf_common
 *fill*         0x000000000800abae        0x2 
 .text._printf_i
                0x000000000800abb0      0x224 c:/st/stm32cubeide_1.1.0/stm32cubeide/plugins/com.st.stm32cube.ide.mcu.externaltools.gnu-tools-for-stm32.7-2018-q2-update.win32_1.0.0.201904181610/tools/bin/../lib/gcc/arm-none-eabi/7.3.1/../../../../arm-none-eabi/lib/thumb/v7e-m/fpv4-sp/hard\libc_nano.a(lib_a-nano-vfprintf_i.o)
                0x000000000800abb0                _printf_i
 .text.memmove  0x000000000800add4       0x32 c:/st/stm32cubeide_1.1.0/stm32cubeide/plugins/com.st.stm32cube.ide.mcu.externaltools.gnu-tools-for-stm32.7-2018-q2-update.win32_1.0.0.201904181610/tools/bin/../lib/gcc/arm-none-eabi/7.3.1/../../../../arm-none-eabi/lib/thumb/v7e-m/fpv4-sp/hard\libc_nano.a(lib_a-memmove.o)
                0x000000000800add4                memmove
 *fill*         0x000000000800ae06        0x2 
 .text._free_r  0x000000000800ae08       0x9c c:/st/stm32cubeide_1.1.0/stm32cubeide/plugins/com.st.stm32cube.ide.mcu.externaltools.gnu-tools-for-stm32.7-2018-q2-update.win32_1.0.0.201904181610/tools/bin/../lib/gcc/arm-none-eabi/7.3.1/../../../../arm-none-eabi/lib/thumb/v7e-m/fpv4-sp/hard\libc_nano.a(lib_a-nano-freer.o)
                0x000000000800ae08                _free_r
 .text._malloc_r
                0x000000000800aea4       0xb4 c:/st/stm32cubeide_1.1.0/stm32cubeide/plugins/com.st.stm32cube.ide.mcu.externaltools.gnu-tools-for-stm32.7-2018-q2-update.win32_1.0.0.201904181610/tools/bin/../lib/gcc/arm-none-eabi/7.3.1/../../../../arm-none-eabi/lib/thumb/v7e-m/fpv4-sp/hard\libc_nano.a(lib_a-nano-mallocr.o)
                0x000000000800aea4                _malloc_r
 .text._realloc_r
                0x000000000800af58       0x4c c:/st/stm32cubeide_1.1.0/stm32cubeide/plugins/com.st.stm32cube.ide.mcu.externaltools.gnu-tools-for-stm32.7-2018-q2-update.win32_1.0.0.201904181610/tools/bin/../lib/gcc/arm-none-eabi/7.3.1/../../../../arm-none-eabi/lib/thumb/v7e-m/fpv4-sp/hard\libc_nano.a(lib_a-nano-reallocr.o)
                0x000000000800af58                _realloc_r
 .text._sbrk_r  0x000000000800afa4       0x20 c:/st/stm32cubeide_1.1.0/stm32cubeide/plugins/com.st.stm32cube.ide.mcu.externaltools.gnu-tools-for-stm32.7-2018-q2-update.win32_1.0.0.201904181610/tools/bin/../lib/gcc/arm-none-eabi/7.3.1/../../../../arm-none-eabi/lib/thumb/v7e-m/fpv4-sp/hard\libc_nano.a(lib_a-sbrkr.o)
                0x000000000800afa4                _sbrk_r
 .text.__malloc_lock
                0x000000000800afc4        0x2 c:/st/stm32cubeide_1.1.0/stm32cubeide/plugins/com.st.stm32cube.ide.mcu.externaltools.gnu-tools-for-stm32.7-2018-q2-update.win32_1.0.0.201904181610/tools/bin/../lib/gcc/arm-none-eabi/7.3.1/../../../../arm-none-eabi/lib/thumb/v7e-m/fpv4-sp/hard\libc_nano.a(lib_a-mlock.o)
                0x000000000800afc4                __malloc_lock
 .text.__malloc_unlock
                0x000000000800afc6        0x2 c:/st/stm32cubeide_1.1.0/stm32cubeide/plugins/com.st.stm32cube.ide.mcu.externaltools.gnu-tools-for-stm32.7-2018-q2-update.win32_1.0.0.201904181610/tools/bin/../lib/gcc/arm-none-eabi/7.3.1/../../../../arm-none-eabi/lib/thumb/v7e-m/fpv4-sp/hard\libc_nano.a(lib_a-mlock.o)
                0x000000000800afc6                __malloc_unlock
 .text._malloc_usable_size_r
                0x000000000800afc8       0x10 c:/st/stm32cubeide_1.1.0/stm32cubeide/plugins/com.st.stm32cube.ide.mcu.externaltools.gnu-tools-for-stm32.7-2018-q2-update.win32_1.0.0.201904181610/tools/bin/../lib/gcc/arm-none-eabi/7.3.1/../../../../arm-none-eabi/lib/thumb/v7e-m/fpv4-sp/hard\libc_nano.a(lib_a-nano-msizer.o)
                0x000000000800afc8                _malloc_usable_size_r
 .text.trunc    0x000000000800afd8       0x74 c:/st/stm32cubeide_1.1.0/stm32cubeide/plugins/com.st.stm32cube.ide.mcu.externaltools.gnu-tools-for-stm32.7-2018-q2-update.win32_1.0.0.201904181610/tools/bin/../lib/gcc/arm-none-eabi/7.3.1/../../../../arm-none-eabi/lib/thumb/v7e-m/fpv4-sp/hard\libm.a(lib_a-s_trunc.o)
                0x000000000800afd8                trunc
 .text.pow      0x000000000800b04c      0x2e0 c:/st/stm32cubeide_1.1.0/stm32cubeide/plugins/com.st.stm32cube.ide.mcu.externaltools.gnu-tools-for-stm32.7-2018-q2-update.win32_1.0.0.201904181610/tools/bin/../lib/gcc/arm-none-eabi/7.3.1/../../../../arm-none-eabi/lib/thumb/v7e-m/fpv4-sp/hard\libm.a(lib_a-w_pow.o)
                0x000000000800b04c                pow
 *fill*         0x000000000800b32c        0x4 
 .text.__ieee754_pow
                0x000000000800b330      0xa1c c:/st/stm32cubeide_1.1.0/stm32cubeide/plugins/com.st.stm32cube.ide.mcu.externaltools.gnu-tools-for-stm32.7-2018-q2-update.win32_1.0.0.201904181610/tools/bin/../lib/gcc/arm-none-eabi/7.3.1/../../../../arm-none-eabi/lib/thumb/v7e-m/fpv4-sp/hard\libm.a(lib_a-e_pow.o)
                0x000000000800b330                __ieee754_pow
 .text.__ieee754_sqrt
                0x000000000800bd4c      0x160 c:/st/stm32cubeide_1.1.0/stm32cubeide/plugins/com.st.stm32cube.ide.mcu.externaltools.gnu-tools-for-stm32.7-2018-q2-update.win32_1.0.0.201904181610/tools/bin/../lib/gcc/arm-none-eabi/7.3.1/../../../../arm-none-eabi/lib/thumb/v7e-m/fpv4-sp/hard\libm.a(lib_a-e_sqrt.o)
                0x000000000800bd4c                __ieee754_sqrt
 .text.fabs     0x000000000800beac       0x12 c:/st/stm32cubeide_1.1.0/stm32cubeide/plugins/com.st.stm32cube.ide.mcu.externaltools.gnu-tools-for-stm32.7-2018-q2-update.win32_1.0.0.201904181610/tools/bin/../lib/gcc/arm-none-eabi/7.3.1/../../../../arm-none-eabi/lib/thumb/v7e-m/fpv4-sp/hard\libm.a(lib_a-s_fabs.o)
                0x000000000800beac                fabs
 .text.finite   0x000000000800bebe       0x10 c:/st/stm32cubeide_1.1.0/stm32cubeide/plugins/com.st.stm32cube.ide.mcu.externaltools.gnu-tools-for-stm32.7-2018-q2-update.win32_1.0.0.201904181610/tools/bin/../lib/gcc/arm-none-eabi/7.3.1/../../../../arm-none-eabi/lib/thumb/v7e-m/fpv4-sp/hard\libm.a(lib_a-s_finite.o)
                0x000000000800bebe                finite
 .text.matherr  0x000000000800bece        0x4 c:/st/stm32cubeide_1.1.0/stm32cubeide/plugins/com.st.stm32cube.ide.mcu.externaltools.gnu-tools-for-stm32.7-2018-q2-update.win32_1.0.0.201904181610/tools/bin/../lib/gcc/arm-none-eabi/7.3.1/../../../../arm-none-eabi/lib/thumb/v7e-m/fpv4-sp/hard\libm.a(lib_a-s_matherr.o)
                0x000000000800bece                matherr
 *fill*         0x000000000800bed2        0x6 
 .text.nan      0x000000000800bed8       0x10 c:/st/stm32cubeide_1.1.0/stm32cubeide/plugins/com.st.stm32cube.ide.mcu.externaltools.gnu-tools-for-stm32.7-2018-q2-update.win32_1.0.0.201904181610/tools/bin/../lib/gcc/arm-none-eabi/7.3.1/../../../../arm-none-eabi/lib/thumb/v7e-m/fpv4-sp/hard\libm.a(lib_a-s_nan.o)
                0x000000000800bed8                nan
 .text.rint     0x000000000800bee8      0x108 c:/st/stm32cubeide_1.1.0/stm32cubeide/plugins/com.st.stm32cube.ide.mcu.externaltools.gnu-tools-for-stm32.7-2018-q2-update.win32_1.0.0.201904181610/tools/bin/../lib/gcc/arm-none-eabi/7.3.1/../../../../arm-none-eabi/lib/thumb/v7e-m/fpv4-sp/hard\libm.a(lib_a-s_rint.o)
                0x000000000800bee8                rint
 .text.scalbn   0x000000000800bff0       0xec c:/st/stm32cubeide_1.1.0/stm32cubeide/plugins/com.st.stm32cube.ide.mcu.externaltools.gnu-tools-for-stm32.7-2018-q2-update.win32_1.0.0.201904181610/tools/bin/../lib/gcc/arm-none-eabi/7.3.1/../../../../arm-none-eabi/lib/thumb/v7e-m/fpv4-sp/hard\libm.a(lib_a-s_scalbn.o)
                0x000000000800bff0                scalbn
 .text.copysign
                0x000000000800c0dc       0x1e c:/st/stm32cubeide_1.1.0/stm32cubeide/plugins/com.st.stm32cube.ide.mcu.externaltools.gnu-tools-for-stm32.7-2018-q2-update.win32_1.0.0.201904181610/tools/bin/../lib/gcc/arm-none-eabi/7.3.1/../../../../arm-none-eabi/lib/thumb/v7e-m/fpv4-sp/hard\libm.a(lib_a-s_copysign.o)
                0x000000000800c0dc                copysign
 *(.glue_7)
 .glue_7        0x000000000800c0fa        0x0 linker stubs
 *(.glue_7t)
 .glue_7t       0x000000000800c0fa        0x0 linker stubs
 *(.eh_frame)
 *fill*         0x000000000800c0fa        0x2 
 .eh_frame      0x000000000800c0fc        0x0 c:/st/stm32cubeide_1.1.0/stm32cubeide/plugins/com.st.stm32cube.ide.mcu.externaltools.gnu-tools-for-stm32.7-2018-q2-update.win32_1.0.0.201904181610/tools/bin/../lib/gcc/arm-none-eabi/7.3.1/thumb/v7e-m/fpv4-sp/hard/crtbegin.o
 *(.init)
 .init          0x000000000800c0fc        0x4 c:/st/stm32cubeide_1.1.0/stm32cubeide/plugins/com.st.stm32cube.ide.mcu.externaltools.gnu-tools-for-stm32.7-2018-q2-update.win32_1.0.0.201904181610/tools/bin/../lib/gcc/arm-none-eabi/7.3.1/thumb/v7e-m/fpv4-sp/hard/crti.o
                0x000000000800c0fc                _init
 .init          0x000000000800c100        0x8 c:/st/stm32cubeide_1.1.0/stm32cubeide/plugins/com.st.stm32cube.ide.mcu.externaltools.gnu-tools-for-stm32.7-2018-q2-update.win32_1.0.0.201904181610/tools/bin/../lib/gcc/arm-none-eabi/7.3.1/thumb/v7e-m/fpv4-sp/hard/crtn.o
 *(.fini)
 .fini          0x000000000800c108        0x4 c:/st/stm32cubeide_1.1.0/stm32cubeide/plugins/com.st.stm32cube.ide.mcu.externaltools.gnu-tools-for-stm32.7-2018-q2-update.win32_1.0.0.201904181610/tools/bin/../lib/gcc/arm-none-eabi/7.3.1/thumb/v7e-m/fpv4-sp/hard/crti.o
                0x000000000800c108                _fini
 .fini          0x000000000800c10c        0x8 c:/st/stm32cubeide_1.1.0/stm32cubeide/plugins/com.st.stm32cube.ide.mcu.externaltools.gnu-tools-for-stm32.7-2018-q2-update.win32_1.0.0.201904181610/tools/bin/../lib/gcc/arm-none-eabi/7.3.1/thumb/v7e-m/fpv4-sp/hard/crtn.o
                0x000000000800c114                . = ALIGN (0x4)
                0x000000000800c114                _etext = .

.vfp11_veneer   0x000000000800c114        0x0
 .vfp11_veneer  0x000000000800c114        0x0 linker stubs

.v4_bx          0x000000000800c114        0x0
 .v4_bx         0x000000000800c114        0x0 linker stubs

.iplt           0x000000000800c114        0x0
 .iplt          0x000000000800c114        0x0 c:/st/stm32cubeide_1.1.0/stm32cubeide/plugins/com.st.stm32cube.ide.mcu.externaltools.gnu-tools-for-stm32.7-2018-q2-update.win32_1.0.0.201904181610/tools/bin/../lib/gcc/arm-none-eabi/7.3.1/thumb/v7e-m/fpv4-sp/hard/crtbegin.o

.rodata         0x000000000800c118      0x140
                0x000000000800c118                . = ALIGN (0x4)
 *(.rodata)
 .rodata        0x000000000800c118       0x65 Core/Src/main.o
 *fill*         0x000000000800c17d        0x3 
 .rodata        0x000000000800c180        0x5 Middlewares/Third_Party/FreeRTOS/Source/tasks.o
 *fill*         0x000000000800c185        0x3 
 .rodata        0x000000000800c188        0xd Middlewares/Third_Party/FreeRTOS/Source/timers.o
 *(.rodata*)
 *fill*         0x000000000800c195        0x3 
 .rodata.AHBPrescTable
                0x000000000800c198       0x10 Core/Src/system_stm32l4xx.o
                0x000000000800c198                AHBPrescTable
 .rodata.APBPrescTable
                0x000000000800c1a8        0x8 Core/Src/system_stm32l4xx.o
                0x000000000800c1a8                APBPrescTable
 .rodata.MSIRangeTable
                0x000000000800c1b0       0x30 Core/Src/system_stm32l4xx.o
                0x000000000800c1b0                MSIRangeTable
 .rodata._svfprintf_r.str1.1
                0x000000000800c1e0       0x11 c:/st/stm32cubeide_1.1.0/stm32cubeide/plugins/com.st.stm32cube.ide.mcu.externaltools.gnu-tools-for-stm32.7-2018-q2-update.win32_1.0.0.201904181610/tools/bin/../lib/gcc/arm-none-eabi/7.3.1/../../../../arm-none-eabi/lib/thumb/v7e-m/fpv4-sp/hard\libc_nano.a(lib_a-nano-svfprintf.o)
 .rodata._printf_i.str1.1
                0x000000000800c1f1       0x22 c:/st/stm32cubeide_1.1.0/stm32cubeide/plugins/com.st.stm32cube.ide.mcu.externaltools.gnu-tools-for-stm32.7-2018-q2-update.win32_1.0.0.201904181610/tools/bin/../lib/gcc/arm-none-eabi/7.3.1/../../../../arm-none-eabi/lib/thumb/v7e-m/fpv4-sp/hard\libc_nano.a(lib_a-nano-vfprintf_i.o)
 .rodata.pow.str1.1
                0x000000000800c213        0x4 c:/st/stm32cubeide_1.1.0/stm32cubeide/plugins/com.st.stm32cube.ide.mcu.externaltools.gnu-tools-for-stm32.7-2018-q2-update.win32_1.0.0.201904181610/tools/bin/../lib/gcc/arm-none-eabi/7.3.1/../../../../arm-none-eabi/lib/thumb/v7e-m/fpv4-sp/hard\libm.a(lib_a-w_pow.o)
 .rodata.__ieee754_pow.str1.1
                0x000000000800c217        0x4 c:/st/stm32cubeide_1.1.0/stm32cubeide/plugins/com.st.stm32cube.ide.mcu.externaltools.gnu-tools-for-stm32.7-2018-q2-update.win32_1.0.0.201904181610/tools/bin/../lib/gcc/arm-none-eabi/7.3.1/../../../../arm-none-eabi/lib/thumb/v7e-m/fpv4-sp/hard\libm.a(lib_a-e_pow.o)
                                          0x1 (size before relaxing)
 *fill*         0x000000000800c217        0x1 
 .rodata.bp     0x000000000800c218       0x10 c:/st/stm32cubeide_1.1.0/stm32cubeide/plugins/com.st.stm32cube.ide.mcu.externaltools.gnu-tools-for-stm32.7-2018-q2-update.win32_1.0.0.201904181610/tools/bin/../lib/gcc/arm-none-eabi/7.3.1/../../../../arm-none-eabi/lib/thumb/v7e-m/fpv4-sp/hard\libm.a(lib_a-e_pow.o)
 .rodata.dp_h   0x000000000800c228       0x10 c:/st/stm32cubeide_1.1.0/stm32cubeide/plugins/com.st.stm32cube.ide.mcu.externaltools.gnu-tools-for-stm32.7-2018-q2-update.win32_1.0.0.201904181610/tools/bin/../lib/gcc/arm-none-eabi/7.3.1/../../../../arm-none-eabi/lib/thumb/v7e-m/fpv4-sp/hard\libm.a(lib_a-e_pow.o)
 .rodata.dp_l   0x000000000800c238       0x10 c:/st/stm32cubeide_1.1.0/stm32cubeide/plugins/com.st.stm32cube.ide.mcu.externaltools.gnu-tools-for-stm32.7-2018-q2-update.win32_1.0.0.201904181610/tools/bin/../lib/gcc/arm-none-eabi/7.3.1/../../../../arm-none-eabi/lib/thumb/v7e-m/fpv4-sp/hard\libm.a(lib_a-e_pow.o)
 .rodata.TWO52  0x000000000800c248       0x10 c:/st/stm32cubeide_1.1.0/stm32cubeide/plugins/com.st.stm32cube.ide.mcu.externaltools.gnu-tools-for-stm32.7-2018-q2-update.win32_1.0.0.201904181610/tools/bin/../lib/gcc/arm-none-eabi/7.3.1/../../../../arm-none-eabi/lib/thumb/v7e-m/fpv4-sp/hard\libm.a(lib_a-s_rint.o)
                0x000000000800c258                . = ALIGN (0x4)

.ARM.extab      0x000000000800c258        0x0
                0x000000000800c258                . = ALIGN (0x4)
 *(.ARM.extab* .gnu.linkonce.armextab.*)
                0x000000000800c258                . = ALIGN (0x4)

.ARM            0x000000000800c258        0x8
                0x000000000800c258                . = ALIGN (0x4)
                0x000000000800c258                __exidx_start = .
 *(.ARM.exidx*)
 .ARM.exidx     0x000000000800c258        0x8 c:/st/stm32cubeide_1.1.0/stm32cubeide/plugins/com.st.stm32cube.ide.mcu.externaltools.gnu-tools-for-stm32.7-2018-q2-update.win32_1.0.0.201904181610/tools/bin/../lib/gcc/arm-none-eabi/7.3.1/thumb/v7e-m/fpv4-sp/hard\libgcc.a(_udivmoddi4.o)
                0x000000000800c260                __exidx_end = .
                0x000000000800c260                . = ALIGN (0x4)

.rel.dyn        0x000000000800c260        0x0
 .rel.iplt      0x000000000800c260        0x0 c:/st/stm32cubeide_1.1.0/stm32cubeide/plugins/com.st.stm32cube.ide.mcu.externaltools.gnu-tools-for-stm32.7-2018-q2-update.win32_1.0.0.201904181610/tools/bin/../lib/gcc/arm-none-eabi/7.3.1/thumb/v7e-m/fpv4-sp/hard/crtbegin.o

.preinit_array  0x000000000800c260        0x0
                0x000000000800c260                . = ALIGN (0x4)
                0x000000000800c260                PROVIDE (__preinit_array_start = .)
 *(.preinit_array*)
                0x000000000800c260                PROVIDE (__preinit_array_end = .)
                0x000000000800c260                . = ALIGN (0x4)

.init_array     0x000000000800c260        0x4
                0x000000000800c260                . = ALIGN (0x4)
                0x000000000800c260                PROVIDE (__init_array_start = .)
 *(SORT_BY_NAME(.init_array.*))
 *(.init_array*)
 .init_array    0x000000000800c260        0x4 c:/st/stm32cubeide_1.1.0/stm32cubeide/plugins/com.st.stm32cube.ide.mcu.externaltools.gnu-tools-for-stm32.7-2018-q2-update.win32_1.0.0.201904181610/tools/bin/../lib/gcc/arm-none-eabi/7.3.1/thumb/v7e-m/fpv4-sp/hard/crtbegin.o
                0x000000000800c264                PROVIDE (__init_array_end = .)
                0x000000000800c264                . = ALIGN (0x4)

.fini_array     0x000000000800c264        0x4
                0x000000000800c264                . = ALIGN (0x4)
                [!provide]                        PROVIDE (__fini_array_start = .)
 *(SORT_BY_NAME(.fini_array.*))
 *(.fini_array*)
 .fini_array    0x000000000800c264        0x4 c:/st/stm32cubeide_1.1.0/stm32cubeide/plugins/com.st.stm32cube.ide.mcu.externaltools.gnu-tools-for-stm32.7-2018-q2-update.win32_1.0.0.201904181610/tools/bin/../lib/gcc/arm-none-eabi/7.3.1/thumb/v7e-m/fpv4-sp/hard/crtbegin.o
                [!provide]                        PROVIDE (__fini_array_end = .)
                0x000000000800c268                . = ALIGN (0x4)
                0x000000000800c268                _sidata = LOADADDR (.data)

.data           0x0000000020000000      0x150 load address 0x000000000800c268
                0x0000000020000000                . = ALIGN (0x4)
                0x0000000020000000                _sdata = .
 *(.data)
 *(.data*)
 .data.msg1     0x0000000020000000       0x2f Core/Src/main.o
                0x0000000020000000                msg1
 *fill*         0x000000002000002f        0x1 
 .data.msg2     0x0000000020000030       0x30 Core/Src/main.o
                0x0000000020000030                msg2
 .data.msg3     0x0000000020000060       0x2c Core/Src/main.o
                0x0000000020000060                msg3
 .data.msg4     0x000000002000008c       0x2d Core/Src/main.o
                0x000000002000008c                msg4
 *fill*         0x00000000200000b9        0x3 
 .data.SystemCoreClock
                0x00000000200000bc        0x4 Core/Src/system_stm32l4xx.o
                0x00000000200000bc                SystemCoreClock
 .data.HTS221_H_Drv
                0x00000000200000c0        0xc Drivers/BSP/Components/hts221/hts221.o
                0x00000000200000c0                HTS221_H_Drv
 .data.HTS221_T_Drv
                0x00000000200000cc       0x10 Drivers/BSP/Components/hts221/hts221.o
                0x00000000200000cc                HTS221_T_Drv
 .data.uwTickPrio
                0x00000000200000dc        0x4 Drivers/STM32L4xx_HAL_Driver/Src/stm32l4xx_hal.o
                0x00000000200000dc                uwTickPrio
 .data.uwTickFreq
                0x00000000200000e0        0x4 Drivers/STM32L4xx_HAL_Driver/Src/stm32l4xx_hal.o
                0x00000000200000e0                uwTickFreq
 .data.uxCriticalNesting
                0x00000000200000e4        0x4 Middlewares/Third_Party/FreeRTOS/Source/portable/GCC/ARM_CM4F/port.o
 .data._impure_ptr
                0x00000000200000e8        0x4 c:/st/stm32cubeide_1.1.0/stm32cubeide/plugins/com.st.stm32cube.ide.mcu.externaltools.gnu-tools-for-stm32.7-2018-q2-update.win32_1.0.0.201904181610/tools/bin/../lib/gcc/arm-none-eabi/7.3.1/../../../../arm-none-eabi/lib/thumb/v7e-m/fpv4-sp/hard\libc_nano.a(lib_a-impure.o)
                0x00000000200000e8                _impure_ptr
 .data.impure_data
                0x00000000200000ec       0x60 c:/st/stm32cubeide_1.1.0/stm32cubeide/plugins/com.st.stm32cube.ide.mcu.externaltools.gnu-tools-for-stm32.7-2018-q2-update.win32_1.0.0.201904181610/tools/bin/../lib/gcc/arm-none-eabi/7.3.1/../../../../arm-none-eabi/lib/thumb/v7e-m/fpv4-sp/hard\libc_nano.a(lib_a-impure.o)
 .data.__fdlib_version
                0x000000002000014c        0x1 c:/st/stm32cubeide_1.1.0/stm32cubeide/plugins/com.st.stm32cube.ide.mcu.externaltools.gnu-tools-for-stm32.7-2018-q2-update.win32_1.0.0.201904181610/tools/bin/../lib/gcc/arm-none-eabi/7.3.1/../../../../arm-none-eabi/lib/thumb/v7e-m/fpv4-sp/hard\libm.a(lib_a-s_lib_ver.o)
                0x000000002000014c                __fdlib_version
                0x0000000020000150                . = ALIGN (0x4)
 *fill*         0x000000002000014d        0x3 
                0x0000000020000150                _edata = .

.igot.plt       0x0000000020000150        0x0 load address 0x000000000800c3b8
 .igot.plt      0x0000000020000150        0x0 c:/st/stm32cubeide_1.1.0/stm32cubeide/plugins/com.st.stm32cube.ide.mcu.externaltools.gnu-tools-for-stm32.7-2018-q2-update.win32_1.0.0.201904181610/tools/bin/../lib/gcc/arm-none-eabi/7.3.1/thumb/v7e-m/fpv4-sp/hard/crtbegin.o
                0x0000000020000150                . = ALIGN (0x4)

.bss            0x0000000020000150     0x20cc load address 0x000000000800c3b8
                0x0000000020000150                _sbss = .
                0x0000000020000150                __bss_start__ = _sbss
 *(.bss)
 .bss           0x0000000020000150       0x1c c:/st/stm32cubeide_1.1.0/stm32cubeide/plugins/com.st.stm32cube.ide.mcu.externaltools.gnu-tools-for-stm32.7-2018-q2-update.win32_1.0.0.201904181610/tools/bin/../lib/gcc/arm-none-eabi/7.3.1/thumb/v7e-m/fpv4-sp/hard/crtbegin.o
 *(.bss*)
 .bss.temp_value
                0x000000002000016c        0x4 Core/Src/main.o
                0x000000002000016c                temp_value
 .bss.humid_value
                0x0000000020000170        0x4 Core/Src/main.o
                0x0000000020000170                humid_value
 .bss.heatIndex
                0x0000000020000174        0x4 Core/Src/main.o
                0x0000000020000174                heatIndex
 .bss.DFSDM1_Init
                0x0000000020000178        0x4 Core/Src/stm32l4xx_hal_msp.o
 .bss.heap_end.6424
                0x000000002000017c        0x4 Core/Src/sysmem.o
 .bss.Hsensor_drv
                0x0000000020000180        0x4 Drivers/BSP/B-L475E-IOT01/stm32l475e_iot01_hsensor.o
 .bss.tsensor_drv
                0x0000000020000184        0x4 Drivers/BSP/B-L475E-IOT01/stm32l475e_iot01_tsensor.o
 .bss.v_dfsdm1ChannelCounter
                0x0000000020000188        0x4 Drivers/STM32L4xx_HAL_Driver/Src/stm32l4xx_hal_dfsdm.o
 .bss.a_dfsdm1ChannelHandle
                0x000000002000018c       0x20 Drivers/STM32L4xx_HAL_Driver/Src/stm32l4xx_hal_dfsdm.o
 .bss.KernelState
                0x00000000200001ac        0x4 Middlewares/Third_Party/FreeRTOS/Source/CMSIS_RTOS_V2/cmsis_os2.o
 .bss.Idle_TCB  0x00000000200001b0       0x5c Middlewares/Third_Party/FreeRTOS/Source/CMSIS_RTOS_V2/cmsis_os2.o
 .bss.Idle_Stack
                0x000000002000020c      0x200 Middlewares/Third_Party/FreeRTOS/Source/CMSIS_RTOS_V2/cmsis_os2.o
 .bss.Timer_TCB
                0x000000002000040c       0x5c Middlewares/Third_Party/FreeRTOS/Source/CMSIS_RTOS_V2/cmsis_os2.o
 .bss.Timer_Stack
                0x0000000020000468      0x400 Middlewares/Third_Party/FreeRTOS/Source/CMSIS_RTOS_V2/cmsis_os2.o
 .bss.pxCurrentTCB
                0x0000000020000868        0x4 Middlewares/Third_Party/FreeRTOS/Source/tasks.o
                0x0000000020000868                pxCurrentTCB
 .bss.pxReadyTasksLists
                0x000000002000086c      0x460 Middlewares/Third_Party/FreeRTOS/Source/tasks.o
 .bss.xDelayedTaskList1
                0x0000000020000ccc       0x14 Middlewares/Third_Party/FreeRTOS/Source/tasks.o
 .bss.xDelayedTaskList2
                0x0000000020000ce0       0x14 Middlewares/Third_Party/FreeRTOS/Source/tasks.o
 .bss.pxDelayedTaskList
                0x0000000020000cf4        0x4 Middlewares/Third_Party/FreeRTOS/Source/tasks.o
 .bss.pxOverflowDelayedTaskList
                0x0000000020000cf8        0x4 Middlewares/Third_Party/FreeRTOS/Source/tasks.o
 .bss.xPendingReadyList
                0x0000000020000cfc       0x14 Middlewares/Third_Party/FreeRTOS/Source/tasks.o
 .bss.xTasksWaitingTermination
                0x0000000020000d10       0x14 Middlewares/Third_Party/FreeRTOS/Source/tasks.o
 .bss.uxDeletedTasksWaitingCleanUp
                0x0000000020000d24        0x4 Middlewares/Third_Party/FreeRTOS/Source/tasks.o
 .bss.xSuspendedTaskList
                0x0000000020000d28       0x14 Middlewares/Third_Party/FreeRTOS/Source/tasks.o
 .bss.uxCurrentNumberOfTasks
                0x0000000020000d3c        0x4 Middlewares/Third_Party/FreeRTOS/Source/tasks.o
 .bss.xTickCount
                0x0000000020000d40        0x4 Middlewares/Third_Party/FreeRTOS/Source/tasks.o
 .bss.uxTopReadyPriority
                0x0000000020000d44        0x4 Middlewares/Third_Party/FreeRTOS/Source/tasks.o
 .bss.xSchedulerRunning
                0x0000000020000d48        0x4 Middlewares/Third_Party/FreeRTOS/Source/tasks.o
 .bss.uxPendedTicks
                0x0000000020000d4c        0x4 Middlewares/Third_Party/FreeRTOS/Source/tasks.o
 .bss.xYieldPending
                0x0000000020000d50        0x4 Middlewares/Third_Party/FreeRTOS/Source/tasks.o
 .bss.xNumOfOverflows
                0x0000000020000d54        0x4 Middlewares/Third_Party/FreeRTOS/Source/tasks.o
 .bss.uxTaskNumber
                0x0000000020000d58        0x4 Middlewares/Third_Party/FreeRTOS/Source/tasks.o
 .bss.xNextTaskUnblockTime
                0x0000000020000d5c        0x4 Middlewares/Third_Party/FreeRTOS/Source/tasks.o
 .bss.xIdleTaskHandle
                0x0000000020000d60        0x4 Middlewares/Third_Party/FreeRTOS/Source/tasks.o
 .bss.uxSchedulerSuspended
                0x0000000020000d64        0x4 Middlewares/Third_Party/FreeRTOS/Source/tasks.o
 .bss.xActiveTimerList1
                0x0000000020000d68       0x14 Middlewares/Third_Party/FreeRTOS/Source/timers.o
 .bss.xActiveTimerList2
                0x0000000020000d7c       0x14 Middlewares/Third_Party/FreeRTOS/Source/timers.o
 .bss.pxCurrentTimerList
                0x0000000020000d90        0x4 Middlewares/Third_Party/FreeRTOS/Source/timers.o
 .bss.pxOverflowTimerList
                0x0000000020000d94        0x4 Middlewares/Third_Party/FreeRTOS/Source/timers.o
 .bss.xTimerQueue
                0x0000000020000d98        0x4 Middlewares/Third_Party/FreeRTOS/Source/timers.o
 .bss.xTimerTaskHandle
                0x0000000020000d9c        0x4 Middlewares/Third_Party/FreeRTOS/Source/timers.o
 .bss.xLastTime.6727
                0x0000000020000da0        0x4 Middlewares/Third_Party/FreeRTOS/Source/timers.o
 .bss.ucStaticTimerQueueStorage.6778
                0x0000000020000da4       0xa0 Middlewares/Third_Party/FreeRTOS/Source/timers.o
 .bss.xStaticTimerQueue.6777
                0x0000000020000e44       0x50 Middlewares/Third_Party/FreeRTOS/Source/timers.o
 .bss.ucMaxSysCallPriority
                0x0000000020000e94        0x1 Middlewares/Third_Party/FreeRTOS/Source/portable/GCC/ARM_CM4F/port.o
 *fill*         0x0000000020000e95        0x3 
 .bss.ulMaxPRIGROUPValue
                0x0000000020000e98        0x4 Middlewares/Third_Party/FreeRTOS/Source/portable/GCC/ARM_CM4F/port.o
 .bss.ucHeap    0x0000000020000e9c      0xbb8 Middlewares/Third_Party/FreeRTOS/Source/portable/MemMang/heap_4.o
 .bss.xStart    0x0000000020001a54        0x8 Middlewares/Third_Party/FreeRTOS/Source/portable/MemMang/heap_4.o
 .bss.pxEnd     0x0000000020001a5c        0x4 Middlewares/Third_Party/FreeRTOS/Source/portable/MemMang/heap_4.o
 .bss.xFreeBytesRemaining
                0x0000000020001a60        0x4 Middlewares/Third_Party/FreeRTOS/Source/portable/MemMang/heap_4.o
 .bss.xMinimumEverFreeBytesRemaining
                0x0000000020001a64        0x4 Middlewares/Third_Party/FreeRTOS/Source/portable/MemMang/heap_4.o
 .bss.xBlockAllocatedBit
                0x0000000020001a68        0x4 Middlewares/Third_Party/FreeRTOS/Source/portable/MemMang/heap_4.o
 .bss.__malloc_free_list
                0x0000000020001a6c        0x4 c:/st/stm32cubeide_1.1.0/stm32cubeide/plugins/com.st.stm32cube.ide.mcu.externaltools.gnu-tools-for-stm32.7-2018-q2-update.win32_1.0.0.201904181610/tools/bin/../lib/gcc/arm-none-eabi/7.3.1/../../../../arm-none-eabi/lib/thumb/v7e-m/fpv4-sp/hard\libc_nano.a(lib_a-nano-mallocr.o)
                0x0000000020001a6c                __malloc_free_list
 .bss.__malloc_sbrk_start
                0x0000000020001a70        0x4 c:/st/stm32cubeide_1.1.0/stm32cubeide/plugins/com.st.stm32cube.ide.mcu.externaltools.gnu-tools-for-stm32.7-2018-q2-update.win32_1.0.0.201904181610/tools/bin/../lib/gcc/arm-none-eabi/7.3.1/../../../../arm-none-eabi/lib/thumb/v7e-m/fpv4-sp/hard\libc_nano.a(lib_a-nano-mallocr.o)
                0x0000000020001a70                __malloc_sbrk_start
 *(COMMON)
 COMMON         0x0000000020001a74      0x654 Core/Src/main.o
                0x0000000020001a74                hdfsdm1_channel1
                0x0000000020001aac                defaultTaskHandle
                0x0000000020001ab0                huart3
                0x0000000020001b30                hpcd_USB_OTG_FS
                0x0000000020001f38                humid_sem
                0x0000000020001f3c                hi2c2
                0x0000000020001f88                apparent_temp_task_handle
                0x0000000020001f8c                temp_sem
                0x0000000020001f90                hspi3
                0x0000000020001ff4                mutex
                0x0000000020001ff8                huart1
                0x0000000020002078                apparent_temp_sem
                0x000000002000207c                humid_task_handle
                0x0000000020002080                temp_task_handle
                0x0000000020002084                hqspi
 COMMON         0x00000000200020c8       0x40 Core/Src/stm32l4xx_hal_timebase_tim.o
                0x00000000200020c8                htim1
 COMMON         0x0000000020002108       0xcc Drivers/BSP/B-L475E-IOT01/stm32l475e_iot01.o
                0x0000000020002108                hDiscoUart
                0x0000000020002188                hI2cHandler
 COMMON         0x00000000200021d4        0x4 Drivers/STM32L4xx_HAL_Driver/Src/stm32l4xx_hal.o
                0x00000000200021d4                uwTick
 COMMON         0x00000000200021d8       0x40 Middlewares/Third_Party/FreeRTOS/Source/queue.o
                0x00000000200021d8                xQueueRegistry
 COMMON         0x0000000020002218        0x4 c:/st/stm32cubeide_1.1.0/stm32cubeide/plugins/com.st.stm32cube.ide.mcu.externaltools.gnu-tools-for-stm32.7-2018-q2-update.win32_1.0.0.201904181610/tools/bin/../lib/gcc/arm-none-eabi/7.3.1/../../../../arm-none-eabi/lib/thumb/v7e-m/fpv4-sp/hard\libc_nano.a(lib_a-reent.o)
                0x0000000020002218                errno
                0x000000002000221c                . = ALIGN (0x4)
                0x000000002000221c                _ebss = .
                0x000000002000221c                __bss_end__ = _ebss

._user_heap_stack
                0x000000002000221c      0x604 load address 0x000000000800c3b8
                0x0000000020002220                . = ALIGN (0x8)
 *fill*         0x000000002000221c        0x4 
                0x0000000020002220                PROVIDE (end = .)
                [!provide]                        PROVIDE (_end = .)
                0x0000000020002420                . = (. + _Min_Heap_Size)
 *fill*         0x0000000020002220      0x200 