main.c:138:5:main	8	static
main.c:250:6:SystemClock_Config	232	static
main.c:326:13:MX_DFSDM1_Init	8	static
main.c:364:13:MX_I2C2_Init	8	static
main.c:410:13:MX_QUADSPI_Init	8	static
main.c:443:13:MX_SPI3_Init	8	static
main.c:483:13:MX_USART1_UART_Init	8	static
main.c:518:13:MX_USART3_UART_Init	8	static
main.c:553:13:MX_USB_OTG_FS_PCD_Init	8	static
main.c:588:13:MX_GPIO_Init	48	static
main.c:772:6:struct_init	16	static
main.c:779:7:calculate_h	32	static
main.c:791:6:temp_task	96	static
main.c:818:6:humid_task	96	static
main.c:841:6:apparent_temp_task	168	static
main.c:878:6:safety_task	104	static
main.c:895:6:StartDefaultTask	16	static
main.c:915:6:HAL_TIM_PeriodElapsedCallback	16	static
main.c:932:6:Error_Handler	4	static
