main.c:154:5:main	8	static
main.c:261:6:SystemClock_Config	232	static
main.c:337:13:MX_DFSDM1_Init	8	static
main.c:375:13:MX_I2C2_Init	8	static
main.c:421:13:MX_QUADSPI_Init	8	static
main.c:454:13:MX_SPI3_Init	8	static
main.c:494:13:MX_USART1_UART_Init	8	static
main.c:529:13:MX_USART3_UART_Init	8	static
main.c:564:13:MX_USB_OTG_FS_PCD_Init	8	static
main.c:599:13:MX_GPIO_Init	48	static
main.c:784:6:HAL_GPIO_EXTI_Callback	104	static
main.c:809:6:struct_init	16	static
main.c:817:7:calculate_h	32	static
main.c:829:6:temp_task	80	static
main.c:852:6:humid_task	80	static
main.c:875:6:apparent_temp_task	216	static
main.c:924:6:safety_task	152	static
main.c:948:6:Callbacktimer	16	static
main.c:965:6:HAL_TIM_PeriodElapsedCallback	16	static
main.c:982:6:Error_Handler	4	static
